Archive member included because of file (symbol)

c:/users/administrator/documents/dave-ide-4.4.2-64bit/eclipse/arm-gcc-49/bin/../lib/gcc/arm-none-eabi/4.9.3/../../../../arm-none-eabi/lib/armv7e-m/softfp\libm.a(lib_a-w_log.o)
                              ./Temperatur.o (log)
c:/users/administrator/documents/dave-ide-4.4.2-64bit/eclipse/arm-gcc-49/bin/../lib/gcc/arm-none-eabi/4.9.3/../../../../arm-none-eabi/lib/armv7e-m/softfp\libm.a(lib_a-e_log.o)
                              c:/users/administrator/documents/dave-ide-4.4.2-64bit/eclipse/arm-gcc-49/bin/../lib/gcc/arm-none-eabi/4.9.3/../../../../arm-none-eabi/lib/armv7e-m/softfp\libm.a(lib_a-w_log.o) (__ieee754_log)
c:/users/administrator/documents/dave-ide-4.4.2-64bit/eclipse/arm-gcc-49/bin/../lib/gcc/arm-none-eabi/4.9.3/../../../../arm-none-eabi/lib/armv7e-m/softfp\libm.a(lib_a-s_fpclassify.o)
                              c:/users/administrator/documents/dave-ide-4.4.2-64bit/eclipse/arm-gcc-49/bin/../lib/gcc/arm-none-eabi/4.9.3/../../../../arm-none-eabi/lib/armv7e-m/softfp\libm.a(lib_a-w_log.o) (__fpclassifyd)
c:/users/administrator/documents/dave-ide-4.4.2-64bit/eclipse/arm-gcc-49/bin/../lib/gcc/arm-none-eabi/4.9.3/../../../../arm-none-eabi/lib/armv7e-m/softfp\libm.a(lib_a-s_lib_ver.o)
                              c:/users/administrator/documents/dave-ide-4.4.2-64bit/eclipse/arm-gcc-49/bin/../lib/gcc/arm-none-eabi/4.9.3/../../../../arm-none-eabi/lib/armv7e-m/softfp\libm.a(lib_a-w_log.o) (__fdlib_version)
c:/users/administrator/documents/dave-ide-4.4.2-64bit/eclipse/arm-gcc-49/bin/../lib/gcc/arm-none-eabi/4.9.3/../../../../arm-none-eabi/lib/armv7e-m/softfp\libm.a(lib_a-s_matherr.o)
                              c:/users/administrator/documents/dave-ide-4.4.2-64bit/eclipse/arm-gcc-49/bin/../lib/gcc/arm-none-eabi/4.9.3/../../../../arm-none-eabi/lib/armv7e-m/softfp\libm.a(lib_a-w_log.o) (matherr)
c:/users/administrator/documents/dave-ide-4.4.2-64bit/eclipse/arm-gcc-49/bin/../lib/gcc/arm-none-eabi/4.9.3/../../../../arm-none-eabi/lib/armv7e-m/softfp\libm.a(lib_a-s_nan.o)
                              c:/users/administrator/documents/dave-ide-4.4.2-64bit/eclipse/arm-gcc-49/bin/../lib/gcc/arm-none-eabi/4.9.3/../../../../arm-none-eabi/lib/armv7e-m/softfp\libm.a(lib_a-w_log.o) (nan)
c:/users/administrator/documents/dave-ide-4.4.2-64bit/eclipse/arm-gcc-49/bin/../lib/gcc/arm-none-eabi/4.9.3/armv7e-m/softfp\libgcc.a(_arm_addsubdf3.o)
                              ./Temperatur.o (__aeabi_dsub)
c:/users/administrator/documents/dave-ide-4.4.2-64bit/eclipse/arm-gcc-49/bin/../lib/gcc/arm-none-eabi/4.9.3/armv7e-m/softfp\libgcc.a(_arm_muldivdf3.o)
                              ./Temperatur.o (__aeabi_dmul)
c:/users/administrator/documents/dave-ide-4.4.2-64bit/eclipse/arm-gcc-49/bin/../lib/gcc/arm-none-eabi/4.9.3/armv7e-m/softfp\libgcc.a(_arm_cmpdf2.o)
                              c:/users/administrator/documents/dave-ide-4.4.2-64bit/eclipse/arm-gcc-49/bin/../lib/gcc/arm-none-eabi/4.9.3/../../../../arm-none-eabi/lib/armv7e-m/softfp\libm.a(lib_a-w_log.o) (__aeabi_dcmpeq)
c:/users/administrator/documents/dave-ide-4.4.2-64bit/eclipse/arm-gcc-49/bin/../lib/gcc/arm-none-eabi/4.9.3/armv7e-m/softfp\libgcc.a(_arm_fixunsdfsi.o)
                              ./ADC.o (__aeabi_d2uiz)
c:/users/administrator/documents/dave-ide-4.4.2-64bit/eclipse/arm-gcc-49/bin/../lib/gcc/arm-none-eabi/4.9.3/armv7e-m/softfp\libgcc.a(_arm_truncdfsf2.o)
                              ./ADC.o (__aeabi_d2f)
c:/users/administrator/documents/dave-ide-4.4.2-64bit/eclipse/arm-gcc-49/bin/../lib/gcc/arm-none-eabi/4.9.3/armv7e-m/softfp\libgcc.a(_aeabi_uldivmod.o)
                              ./Dave/Generated/TIMER/timer.o (__aeabi_uldivmod)
c:/users/administrator/documents/dave-ide-4.4.2-64bit/eclipse/arm-gcc-49/bin/../lib/gcc/arm-none-eabi/4.9.3/armv7e-m/softfp\libgcc.a(bpabi.o)
                              c:/users/administrator/documents/dave-ide-4.4.2-64bit/eclipse/arm-gcc-49/bin/../lib/gcc/arm-none-eabi/4.9.3/armv7e-m/softfp\libgcc.a(_aeabi_uldivmod.o) (__gnu_uldivmod_helper)
c:/users/administrator/documents/dave-ide-4.4.2-64bit/eclipse/arm-gcc-49/bin/../lib/gcc/arm-none-eabi/4.9.3/armv7e-m/softfp\libgcc.a(_dvmd_tls.o)
                              c:/users/administrator/documents/dave-ide-4.4.2-64bit/eclipse/arm-gcc-49/bin/../lib/gcc/arm-none-eabi/4.9.3/armv7e-m/softfp\libgcc.a(_aeabi_uldivmod.o) (__aeabi_ldiv0)
c:/users/administrator/documents/dave-ide-4.4.2-64bit/eclipse/arm-gcc-49/bin/../lib/gcc/arm-none-eabi/4.9.3/armv7e-m/softfp\libgcc.a(_divdi3.o)
                              c:/users/administrator/documents/dave-ide-4.4.2-64bit/eclipse/arm-gcc-49/bin/../lib/gcc/arm-none-eabi/4.9.3/armv7e-m/softfp\libgcc.a(bpabi.o) (__divdi3)
c:/users/administrator/documents/dave-ide-4.4.2-64bit/eclipse/arm-gcc-49/bin/../lib/gcc/arm-none-eabi/4.9.3/armv7e-m/softfp\libgcc.a(_udivdi3.o)
[...]
Memory Configuration

Name             Origin             Length             Attributes
FLASH_1_cached   0x08000000         0x000c0000         xr
FLASH_1_uncached 0x0c000000         0x000c0000         xr
PSRAM_1          0x10000000         0x00010000         !xr
DSRAM_1_system   0x20000000         0x00010000         !xr
DSRAM_2_comm     0x30000000         0x00008000         !xr
*default*        0x00000000         0xffffffff

Linker script and memory map

LOAD ./Startup/startup_XMC4500.o
LOAD ./Startup/system_XMC4500.o
LOAD ./Libraries/XMCLib/src/xmc4_eru.o
LOAD ./Libraries/XMCLib/src/xmc4_flash.o
LOAD ./Libraries/XMCLib/src/xmc4_gpio.o
LOAD ./Libraries/XMCLib/src/xmc4_rtc.o
LOAD ./Libraries/XMCLib/src/xmc4_scu.o
LOAD ./Libraries/XMCLib/src/xmc_can.o
LOAD ./Libraries/XMCLib/src/xmc_ccu4.o
LOAD ./Libraries/XMCLib/src/xmc_ccu8.o
LOAD ./Libraries/XMCLib/src/xmc_common.o
LOAD ./Libraries/XMCLib/src/xmc_dac.o
LOAD ./Libraries/XMCLib/src/xmc_dma.o
LOAD ./Libraries/XMCLib/src/xmc_dsd.o
LOAD ./Libraries/XMCLib/src/xmc_ebu.o
LOAD ./Libraries/XMCLib/src/xmc_ecat.o
LOAD ./Libraries/XMCLib/src/xmc_eru.o
LOAD ./Libraries/XMCLib/src/xmc_eth_mac.o
LOAD ./Libraries/XMCLib/src/xmc_eth_phy_dp83848.o
LOAD ./Libraries/XMCLib/src/xmc_eth_phy_ksz8031rnl.o
LOAD ./Libraries/XMCLib/src/xmc_eth_phy_ksz8081rnb.o
LOAD ./Libraries/XMCLib/src/xmc_fce.o
LOAD ./Libraries/XMCLib/src/xmc_gpio.o
LOAD ./Libraries/XMCLib/src/xmc_hrpwm.o
LOAD ./Libraries/XMCLib/src/xmc_i2c.o
LOAD ./Libraries/XMCLib/src/xmc_i2s.o
LOAD ./Libraries/XMCLib/src/xmc_ledts.o
LOAD ./Libraries/XMCLib/src/xmc_posif.o
LOAD ./Libraries/XMCLib/src/xmc_rtc.o
LOAD ./Libraries/XMCLib/src/xmc_sdmmc.o
LOAD ./Libraries/XMCLib/src/xmc_spi.o
LOAD ./Libraries/XMCLib/src/xmc_uart.o
LOAD ./Libraries/XMCLib/src/xmc_usbd.o
LOAD ./Libraries/XMCLib/src/xmc_usbh.o
LOAD ./Libraries/XMCLib/src/xmc_usic.o
LOAD ./Libraries/XMCLib/src/xmc_vadc.o
LOAD ./Libraries/XMCLib/src/xmc_wdt.o
LOAD ./Libraries/Newlib/syscalls.o
LOAD ./Dave/Generated/TIMER/timer.o
LOAD ./Dave/Generated/TIMER/timer_conf.o
LOAD ./Dave/Generated/PWM_BC/pwm_bc.o
LOAD ./Dave/Generated/PWM_BC/pwm_bc_conf.o
LOAD ./Dave/Generated/INTERRUPT/interrupt.o
LOAD ./Dave/Generated/INTERRUPT/interrupt_conf.o
LOAD ./Dave/Generated/GLOBAL_POSIF/global_posif.o
LOAD ./Dave/Generated/GLOBAL_POSIF/global_posif_conf.o
LOAD ./Dave/Generated/GLOBAL_CCU8/global_ccu8.o
LOAD ./Dave/Generated/GLOBAL_CCU8/global_ccu8_conf.o
LOAD ./Dave/Generated/GLOBAL_CCU4/global_ccu4.o
LOAD ./Dave/Generated/GLOBAL_CCU4/global_ccu4_conf.o
LOAD ./Dave/Generated/GLOBAL_ADC/global_adc.o
LOAD ./Dave/Generated/GLOBAL_ADC/global_adc_conf.o
LOAD ./Dave/Generated/EVENT_GENERATOR/event_generator.o
LOAD ./Dave/Generated/EVENT_GENERATOR/event_generator_conf.o
LOAD ./Dave/Generated/EVENT_DETECTOR/event_detector.o
LOAD ./Dave/Generated/EVENT_DETECTOR/event_detector_conf.o
LOAD ./Dave/Generated/DIGITAL_IO/digital_io.o
LOAD ./Dave/Generated/DIGITAL_IO/digital_io_conf.o
LOAD ./Dave/Generated/CPU_CTRL_XMC4/cpu_ctrl_xmc4.o
LOAD ./Dave/Generated/CPU_CTRL_XMC4/cpu_ctrl_xmc4_conf.o
LOAD ./Dave/Generated/CLOCK_XMC4/clock_xmc4.o
LOAD ./Dave/Generated/CLOCK_XMC4/clock_xmc4_conf.o
LOAD ./Dave/Generated/BUS_IO/bus_io.o
LOAD ./Dave/Generated/BUS_IO/bus_io_conf.o
LOAD ./Dave/Generated/ADC_MEASUREMENT/adc_measurement.o
LOAD ./Dave/Generated/ADC_MEASUREMENT/adc_measurement_conf.o
LOAD ./Dave/Generated/DAVE.o
LOAD ./ADC.o
LOAD ./Buttons.o
LOAD ./Interupts.o
LOAD ./LCD.o
LOAD ./Posif_BLDC.o
LOAD ./Speed.o
LOAD ./Temperatur.o
LOAD ./lut.o
LOAD ./main.o
LOAD c:/users/administrator/documents/dave-ide-4.4.2-64bit/eclipse/arm-gcc-49/bin/../lib/gcc/arm-none-eabi/4.9.3/../../../../arm-none-eabi/lib/armv7e-m/softfp\libm.a
START GROUP
LOAD c:/users/administrator/documents/dave-ide-4.4.2-64bit/eclipse/arm-gcc-49/bin/../lib/gcc/arm-none-eabi/4.9.3/armv7e-m/softfp\libgcc.a
LOAD c:/users/administrator/documents/dave-ide-4.4.2-64bit/eclipse/arm-gcc-49/bin/../lib/gcc/arm-none-eabi/4.9.3/../../../../arm-none-eabi/lib/armv7e-m/softfp\libg.a
LOAD c:/users/administrator/documents/dave-ide-4.4.2-64bit/eclipse/arm-gcc-49/bin/../lib/gcc/arm-none-eabi/4.9.3/../../../../arm-none-eabi/lib/armv7e-m/softfp\libc.a
END GROUP
START GROUP
LOAD c:/users/administrator/documents/dave-ide-4.4.2-64bit/eclipse/arm-gcc-49/bin/../lib/gcc/arm-none-eabi/4.9.3/armv7e-m/softfp\libgcc.a
LOAD c:/users/administrator/documents/dave-ide-4.4.2-64bit/eclipse/arm-gcc-49/bin/../lib/gcc/arm-none-eabi/4.9.3/../../../../arm-none-eabi/lib/armv7e-m/softfp\libc.a
LOAD c:/users/administrator/documents/dave-ide-4.4.2-64bit/eclipse/arm-gcc-49/bin/../lib/gcc/arm-none-eabi/4.9.3/../../../../arm-none-eabi/lib/armv7e-m/softfp\libnosys.a
END GROUP
                0x00000800                stack_size = DEFINED (stack_size)?stack_size:0x800
                0x00000040                no_init_size = 0x40

.text           0x08000000     0x9d6c load address 0x0c000000
                0x08000000                sText = .
 *(.reset)
 .reset         0x08000000      0x2b4 ./Startup/startup_XMC4500.o
                0x08000000                __Vectors
                0x08000200                Reset_Handler
                0x080002b0                DSD0_7_IRQHandler
                0x080002b0                DebugMon_Handler
                0x080002b0                VADC0_C0_0_IRQHandler
                0x080002b0                CAN0_4_IRQHandler
                0x080002b0                VADC0_G2_0_IRQHandler
                0x080002b0                USIC0_5_IRQHandler
                0x080002b0                POSIF0_0_IRQHandler
                0x080002b0                POSIF1_0_IRQHandler
                0x080002b0                HardFault_Handler
                0x080002b0                VADC0_G1_1_IRQHandler
                0x080002b0                SysTick_Handler
                0x080002b0                PendSV_Handler
                0x080002b0                NMI_Handler
                0x080002b0                USIC1_3_IRQHandler
                0x080002b0                SCU_0_IRQHandler
                0x080002b0                ERU0_0_IRQHandler
                0x080002b0                CCU41_0_IRQHandler
                0x080002b0                USIC1_5_IRQHandler
                0x080002b0                DSD0_4_IRQHandler
                0x080002b0                CCU80_1_IRQHandler
                0x080002b0                CCU81_0_IRQHandler
                0x080002b0                UsageFault_Handler
                0x080002b0                USIC0_0_IRQHandler
                0x080002b0                POSIF1_1_IRQHandler
                0x080002b0                ERU0_2_IRQHandler
                0x080002b0                CCU81_1_IRQHandler
                0x080002b0                ERU1_1_IRQHandler
                0x080002b0                VADC0_G2_3_IRQHandler
                0x080002b0                VADC0_G2_2_IRQHandler
                0x080002b0                CCU42_3_IRQHandler
                0x080002b0                ERU0_3_IRQHandler
                0x080002b0                DSD0_5_IRQHandler
                0x080002b0                VADC0_C0_3_IRQHandler
                0x080002b0                CAN0_6_IRQHandler
                0x080002b0                CCU43_0_IRQHandler
                0x080002b0                VADC0_G0_1_IRQHandler
                0x080002b0                CCU81_2_IRQHandler
                0x080002b0                USIC2_4_IRQHandler
                0x080002b0                CCU81_3_IRQHandler
                0x080002b0                CCU42_1_IRQHandler
                0x080002b0                USIC1_1_IRQHandler
                0x080002b0                USIC2_5_IRQHandler
                0x080002b0                CCU40_0_IRQHandler
                0x080002b0                CAN0_0_IRQHandler
                0x080002b0                ERU1_0_IRQHandler
                0x080002b0                CCU42_2_IRQHandler
                0x080002b0                Default_Handler
                0x080002b0                USIC1_4_IRQHandler
                0x080002b0                ERU1_3_IRQHandler
                0x080002b0                USIC1_0_IRQHandler
                0x080002b0                POSIF0_1_IRQHandler
                0x080002b0                VADC0_G0_0_IRQHandler
                0x080002b0                DSD0_2_IRQHandler
                0x080002b0                CCU41_3_IRQHandler
                0x080002b0                CCU80_2_IRQHandler
                0x080002b0                VADC0_G1_3_IRQHandler
                0x080002b0                VADC0_G0_3_IRQHandler
                0x080002b0                GPDMA0_0_IRQHandler
                0x080002b0                PMU0_0_IRQHandler
                0x080002b0                CAN0_7_IRQHandler
                0x080002b0                DSD0_1_IRQHandler
                0x080002b0                CCU41_2_IRQHandler
                0x080002b0                VADC0_C0_1_IRQHandler
                0x080002b0                CCU43_2_IRQHandler
                0x080002b0                USIC2_2_IRQHandler
                0x080002b0                MemManage_Handler
                0x080002b0                VADC0_G3_1_IRQHandler
                0x080002b0                DAC0_0_IRQHandler
                0x080002b0                SVC_Handler
                0x080002b0                VADC0_G3_3_IRQHandler
                0x080002b0                ERU1_2_IRQHandler
                0x080002b0                DSD0_6_IRQHandler
                0x080002b0                VADC0_G1_2_IRQHandler
                0x080002b0                USIC2_3_IRQHandler
                0x080002b0                CAN0_2_IRQHandler
                0x080002b0                USIC2_0_IRQHandler
                0x080002b0                VADC0_G0_2_IRQHandler
                0x080002b0                VADC0_G2_1_IRQHandler
                0x080002b0                CAN0_3_IRQHandler
                0x080002b0                ETH0_0_IRQHandler
                0x080002b0                USIC0_3_IRQHandler
                0x080002b0                DSD0_0_IRQHandler
                0x080002b0                VADC0_C0_2_IRQHandler
                0x080002b0                CCU42_0_IRQHandler
                0x080002b0                FCE0_0_IRQHandler
                0x080002b0                VADC0_G1_0_IRQHandler
                0x080002b0                USB0_0_IRQHandler
                0x080002b0                CAN0_5_IRQHandler
                0x080002b0                CCU80_0_IRQHandler
                0x080002b0                CCU40_1_IRQHandler
                0x080002b0                USIC2_1_IRQHandler
                0x080002b0                USIC0_1_IRQHandler
                0x080002b0                VADC0_G3_2_IRQHandler
                0x080002b0                CCU40_3_IRQHandler
                0x080002b0                BusFault_Handler
                0x080002b0                LEDTS0_0_IRQHandler
                0x080002b0                USIC0_4_IRQHandler
                0x080002b0                CCU43_3_IRQHandler
                0x080002b0                ERU0_1_IRQHandler
                0x080002b0                VADC0_G3_0_IRQHandler
                0x080002b0                USIC1_2_IRQHandler
                0x080002b0                DSD0_3_IRQHandler
                0x080002b0                SDMMC0_0_IRQHandler
                0x080002b0                CAN0_1_IRQHandler
                0x080002b0                USIC0_2_IRQHandler
                0x080002b0                DAC0_1_IRQHandler
                0x080002b0                GPDMA1_0_IRQHandler
 *(.text .text.* .gnu.linkonce.t.*)
 .text.SystemInit
                0x080002b4       0x20 ./Startup/system_XMC4500.o
                0x080002b4                SystemInit
 .text.SystemCoreClockUpdate
                0x080002d4       0xd4 ./Startup/system_XMC4500.o
                0x080002d4                SystemCoreClockUpdate
 .text.XMC_ERU_Enable
                0x080003a8       0x24 ./Libraries/XMCLib/src/xmc4_eru.o
                0x080003a8                XMC_ERU_Enable
 .text.XMC_GPIO_Init
                0x080003cc      0x14c ./Libraries/XMCLib/src/xmc4_gpio.o
                0x080003cc                XMC_GPIO_Init
 .text.XMC_SCU_GetMirrorStatus
                0x08000518       0x18 ./Libraries/XMCLib/src/xmc4_scu.o
 .text.XMC_SCU_lDelay
                0x08000530       0x44 ./Libraries/XMCLib/src/xmc4_scu.o
 .text.XMC_SCU_CLOCK_Init
                0x08000574       0xec ./Libraries/XMCLib/src/xmc4_scu.o
                0x08000574                XMC_SCU_CLOCK_Init
 .text.XMC_SCU_INTERRUPT_EnableNmiRequest
                0x08000660       0x24 ./Libraries/XMCLib/src/xmc4_scu.o
                0x08000660                XMC_SCU_INTERRUPT_EnableNmiRequest
 .text.XMC_SCU_RESET_DeassertPeripheralReset
                0x08000684       0x38 ./Libraries/XMCLib/src/xmc4_scu.o
                0x08000684                XMC_SCU_RESET_DeassertPeripheralReset
 .text.XMC_SCU_CLOCK_SetSystemClockSource
                0x080006bc       0x28 ./Libraries/XMCLib/src/xmc4_scu.o
                0x080006bc                XMC_SCU_CLOCK_SetSystemClockSource
 .text.XMC_SCU_CLOCK_SetUsbClockSource
                0x080006e4       0x28 ./Libraries/XMCLib/src/xmc4_scu.o
                0x080006e4                XMC_SCU_CLOCK_SetUsbClockSource
 .text.XMC_SCU_CLOCK_SetWdtClockSource
                0x0800070c       0x28 ./Libraries/XMCLib/src/xmc4_scu.o
                0x0800070c                XMC_SCU_CLOCK_SetWdtClockSource
 .text.XMC_SCU_CLOCK_SetSystemPllClockSource
                0x08000734       0x40 ./Libraries/XMCLib/src/xmc4_scu.o
                0x08000734                XMC_SCU_CLOCK_SetSystemPllClockSource
 .text.XMC_SCU_HIB_SetRtcClockSource
                0x08000774       0x3c ./Libraries/XMCLib/src/xmc4_scu.o
                0x08000774                XMC_SCU_HIB_SetRtcClockSource
 .text.XMC_SCU_HIB_SetStandbyClockSource
                0x080007b0       0x3c ./Libraries/XMCLib/src/xmc4_scu.o
                0x080007b0                XMC_SCU_HIB_SetStandbyClockSource
 .text.XMC_SCU_CLOCK_SetSystemClockDivider
                0x080007ec       0x28 ./Libraries/XMCLib/src/xmc4_scu.o
                0x080007ec                XMC_SCU_CLOCK_SetSystemClockDivider
 .text.XMC_SCU_CLOCK_SetCcuClockDivider
                0x08000814       0x28 ./Libraries/XMCLib/src/xmc4_scu.o
                0x08000814                XMC_SCU_CLOCK_SetCcuClockDivider
 .text.XMC_SCU_CLOCK_SetCpuClockDivider
                0x0800083c       0x28 ./Libraries/XMCLib/src/xmc4_scu.o
                0x0800083c                XMC_SCU_CLOCK_SetCpuClockDivider
 .text.XMC_SCU_CLOCK_SetPeripheralClockDivider
                0x08000864       0x28 ./Libraries/XMCLib/src/xmc4_scu.o
                0x08000864                XMC_SCU_CLOCK_SetPeripheralClockDivider
 .text.XMC_SCU_CLOCK_SetUsbClockDivider
                0x0800088c       0x28 ./Libraries/XMCLib/src/xmc4_scu.o
                0x0800088c                XMC_SCU_CLOCK_SetUsbClockDivider
 .text.XMC_SCU_CLOCK_SetEbuClockDivider
                0x080008b4       0x28 ./Libraries/XMCLib/src/xmc4_scu.o
                0x080008b4                XMC_SCU_CLOCK_SetEbuClockDivider
 .text.XMC_SCU_CLOCK_SetWdtClockDivider
                0x080008dc       0x28 ./Libraries/XMCLib/src/xmc4_scu.o
                0x080008dc                XMC_SCU_CLOCK_SetWdtClockDivider
 .text.XMC_SCU_CLOCK_EnableClock
                0x08000904       0x20 ./Libraries/XMCLib/src/xmc4_scu.o
                0x08000904                XMC_SCU_CLOCK_EnableClock
 .text.XMC_SCU_CLOCK_StartUsbPll
                0x08000924       0x74 ./Libraries/XMCLib/src/xmc4_scu.o
                0x08000924                XMC_SCU_CLOCK_StartUsbPll
 .text.XMC_SCU_CLOCK_SetBackupClockCalibrationMode
                0x08000998       0x4c ./Libraries/XMCLib/src/xmc4_scu.o
                0x08000998                XMC_SCU_CLOCK_SetBackupClockCalibrationMode
 .text.XMC_SCU_HIB_EnableHibernateDomain
                0x080009e4       0x58 ./Libraries/XMCLib/src/xmc4_scu.o
                0x080009e4                XMC_SCU_HIB_EnableHibernateDomain
 .text.XMC_SCU_CLOCK_IsLowPowerOscillatorStable
                0x08000a3c       0x24 ./Libraries/XMCLib/src/xmc4_scu.o
                0x08000a3c                XMC_SCU_CLOCK_IsLowPowerOscillatorStable
 .text.XMC_SCU_CLOCK_EnableLowPowerOscillator
                0x08000a60       0x68 ./Libraries/XMCLib/src/xmc4_scu.o
                0x08000a60                XMC_SCU_CLOCK_EnableLowPowerOscillator
 .text.XMC_SCU_CLOCK_EnableHighPerformanceOscillator
                0x08000ac8       0x50 ./Libraries/XMCLib/src/xmc4_scu.o
                0x08000ac8                XMC_SCU_CLOCK_EnableHighPerformanceOscillator
 .text.XMC_SCU_CLOCK_IsHighPerformanceOscillatorStable
                0x08000b18       0x28 ./Libraries/XMCLib/src/xmc4_scu.o
                0x08000b18                XMC_SCU_CLOCK_IsHighPerformanceOscillatorStable
 .text.XMC_SCU_CLOCK_EnableSystemPll
                0x08000b40       0x20 ./Libraries/XMCLib/src/xmc4_scu.o
                0x08000b40                XMC_SCU_CLOCK_EnableSystemPll
 .text.XMC_SCU_CLOCK_DisableSystemPll
                0x08000b60       0x20 ./Libraries/XMCLib/src/xmc4_scu.o
                0x08000b60                XMC_SCU_CLOCK_DisableSystemPll
 .text.XMC_SCU_CLOCK_StartSystemPll
                0x08000b80      0x174 ./Libraries/XMCLib/src/xmc4_scu.o
                0x08000b80                XMC_SCU_CLOCK_StartSystemPll
 .text.XMC_SCU_CLOCK_StepSystemPllFrequency
                0x08000cf4       0x2c ./Libraries/XMCLib/src/xmc4_scu.o
                0x08000cf4                XMC_SCU_CLOCK_StepSystemPllFrequency
 .text.XMC_CCU4_StartPrescaler
                0x08000d20       0x20 ./Libraries/XMCLib/src/xmc_ccu4.o
 .text.XMC_CCU4_lDeassertReset
                0x08000d40       0x60 ./Libraries/XMCLib/src/xmc_ccu4.o
 .text.XMC_CCU4_EnableModule
                0x08000da0       0x1c ./Libraries/XMCLib/src/xmc_ccu4.o
                0x08000da0                XMC_CCU4_EnableModule
 .text.XMC_CCU4_Init
                0x08000dbc       0x3c ./Libraries/XMCLib/src/xmc_ccu4.o
                0x08000dbc                XMC_CCU4_Init
 .text.XMC_CCU4_SLICE_CompareInit
                0x08000df8       0x6c ./Libraries/XMCLib/src/xmc_ccu4.o
                0x08000df8                XMC_CCU4_SLICE_CompareInit
 .text.XMC_CCU4_SLICE_SetPrescaler
                0x08000e64       0x3c ./Libraries/XMCLib/src/xmc_ccu4.o
                0x08000e64                XMC_CCU4_SLICE_SetPrescaler
 .text.XMC_CCU4_SLICE_SetInterruptNode
                0x08000ea0       0xb0 ./Libraries/XMCLib/src/xmc_ccu4.o
                0x08000ea0                XMC_CCU4_SLICE_SetInterruptNode
 .text.XMC_CCU8_StartPrescaler
                0x08000f50       0x20 ./Libraries/XMCLib/src/xmc_ccu8.o
 .text.XMC_CCU8_SLICE_StopTimer
                0x08000f70       0x18 ./Libraries/XMCLib/src/xmc_ccu8.o
 .text.XMC_CCU8_lDeassertReset
                0x08000f88       0x38 ./Libraries/XMCLib/src/xmc_ccu8.o
 .text.XMC_CCU8_EnableModule
                0x08000fc0       0x1c ./Libraries/XMCLib/src/xmc_ccu8.o
                0x08000fc0                XMC_CCU8_EnableModule
 .text.XMC_CCU8_Init
                0x08000fdc       0x3c ./Libraries/XMCLib/src/xmc_ccu8.o
                0x08000fdc                XMC_CCU8_Init
 .text.XMC_CCU8_SLICE_CompareInit
                0x08001018       0x74 ./Libraries/XMCLib/src/xmc_ccu8.o
                0x08001018                XMC_CCU8_SLICE_CompareInit
 .text.XMC_CCU8_SLICE_StartConfig
                0x0800108c       0x5c ./Libraries/XMCLib/src/xmc_ccu8.o
                0x0800108c                XMC_CCU8_SLICE_StartConfig
 .text.XMC_CCU8_SLICE_TrapConfig
                0x080010e8       0x74 ./Libraries/XMCLib/src/xmc_ccu8.o
                0x080010e8                XMC_CCU8_SLICE_TrapConfig
 .text.XMC_CCU8_SLICE_ConfigureEvent
                0x0800115c       0xd4 ./Libraries/XMCLib/src/xmc_ccu8.o
                0x0800115c                XMC_CCU8_SLICE_ConfigureEvent
 .text.XMC_CCU8_SLICE_SetTimerPeriodMatch
                0x08001230       0x1c ./Libraries/XMCLib/src/xmc_ccu8.o
                0x08001230                XMC_CCU8_SLICE_SetTimerPeriodMatch
 .text.XMC_CCU8_SLICE_SetTimerCompareMatch
                0x0800124c       0x30 ./Libraries/XMCLib/src/xmc_ccu8.o
                0x0800124c                XMC_CCU8_SLICE_SetTimerCompareMatch
 .text.XMC_CCU8_SLICE_SetInterruptNode
                0x0800127c       0xb8 ./Libraries/XMCLib/src/xmc_ccu8.o
                0x0800127c                XMC_CCU8_SLICE_SetInterruptNode
 .text.XMC_CCU8_SLICE_DeadTimeInit
                0x08001334       0x2c ./Libraries/XMCLib/src/xmc_ccu8.o
                0x08001334                XMC_CCU8_SLICE_DeadTimeInit
 .text.XMC_CCU8_SLICE_ConfigureDeadTime
                0x08001360       0x30 ./Libraries/XMCLib/src/xmc_ccu8.o
                0x08001360                XMC_CCU8_SLICE_ConfigureDeadTime
 .text.XMC_ERU_ETL_Init
                0x08001390       0x4c ./Libraries/XMCLib/src/xmc_eru.o
                0x08001390                XMC_ERU_ETL_Init
 .text.XMC_ERU_OGU_Init
                0x080013dc       0x28 ./Libraries/XMCLib/src/xmc_eru.o
                0x080013dc                XMC_ERU_OGU_Init
 .text.XMC_GPIO_SetHardwareControl
                0x08001404       0x44 ./Libraries/XMCLib/src/xmc_gpio.o
                0x08001404                XMC_GPIO_SetHardwareControl
 .text.XMC_POSIF_Enable
                0x08001448       0x40 ./Libraries/XMCLib/src/xmc_posif.o
                0x08001448                XMC_POSIF_Enable
 .text.XMC_POSIF_MCM_Init
                0x08001488       0x40 ./Libraries/XMCLib/src/xmc_posif.o
                0x08001488                XMC_POSIF_MCM_Init
 .text.XMC_VADC_GROUP_ExternalMuxControlInit
                0x080014c8       0x6c ./Libraries/XMCLib/src/xmc_vadc.o
 .text.XMC_VADC_GROUP_BackgroundEnableArbitrationSlot
                0x08001534       0x24 ./Libraries/XMCLib/src/xmc_vadc.o
 .text.XMC_VADC_GROUP_BackgroundDisableArbitrationSlot
                0x08001558       0x24 ./Libraries/XMCLib/src/xmc_vadc.o
 .text.XMC_VADC_GLOBAL_EnableModule
                0x0800157c        0xc ./Libraries/XMCLib/src/xmc_vadc.o
                0x0800157c                XMC_VADC_GLOBAL_EnableModule
 .text.XMC_VADC_GLOBAL_Init
                0x08001588       0x54 ./Libraries/XMCLib/src/xmc_vadc.o
                0x08001588                XMC_VADC_GLOBAL_Init
 .text.XMC_VADC_GLOBAL_InputClassInit
                0x080015dc       0x48 ./Libraries/XMCLib/src/xmc_vadc.o
                0x080015dc                XMC_VADC_GLOBAL_InputClassInit
 .text.XMC_VADC_GLOBAL_StartupCalibration
                0x08001624       0x60 ./Libraries/XMCLib/src/xmc_vadc.o
                0x08001624                XMC_VADC_GLOBAL_StartupCalibration
 .text.XMC_VADC_GLOBAL_BackgroundSetReqSrcEventInterruptNode
                0x08001684       0x48 ./Libraries/XMCLib/src/xmc_vadc.o
                0x08001684                XMC_VADC_GLOBAL_BackgroundSetReqSrcEventInterruptNode
 .text.XMC_VADC_GROUP_Init
                0x080016cc       0x68 ./Libraries/XMCLib/src/xmc_vadc.o
                0x080016cc                XMC_VADC_GROUP_Init
 .text.XMC_VADC_GROUP_InputClassInit
                0x08001734       0xb8 ./Libraries/XMCLib/src/xmc_vadc.o
                0x08001734                XMC_VADC_GROUP_InputClassInit
 .text.XMC_VADC_GROUP_SetPowerMode
                0x080017ec       0x38 ./Libraries/XMCLib/src/xmc_vadc.o
                0x080017ec                XMC_VADC_GROUP_SetPowerMode
 .text.XMC_VADC_GLOBAL_BackgroundInit
                0x08001824       0xfc ./Libraries/XMCLib/src/xmc_vadc.o
                0x08001824                XMC_VADC_GLOBAL_BackgroundInit
 .text.XMC_VADC_GROUP_ChannelInit
                0x08001920       0xc8 ./Libraries/XMCLib/src/xmc_vadc.o
                0x08001920                XMC_VADC_GROUP_ChannelInit
 .text._sbrk    0x080019e8       0x68 ./Libraries/Newlib/syscalls.o
                0x080019e8                _sbrk
 .text._init    0x08001a50        0xc ./Libraries/Newlib/syscalls.o
                0x08001a50                _init
 .text.XMC_CCU4_EnableClock
                0x08001a5c       0x28 ./Dave/Generated/TIMER/timer.o
 .text.XMC_CCU4_SLICE_IsTimerRunning
                0x08001a84       0x28 ./Dave/Generated/TIMER/timer.o
 .text.XMC_CCU4_SLICE_StartTimer
                0x08001aac       0x18 ./Dave/Generated/TIMER/timer.o
 .text.XMC_CCU4_SLICE_StopTimer
                0x08001ac4       0x18 ./Dave/Generated/TIMER/timer.o
 .text.XMC_CCU4_SLICE_ClearTimer
                0x08001adc       0x18 ./Dave/Generated/TIMER/timer.o
 .text.XMC_CCU4_SLICE_SetTimerPeriodMatch
                0x08001af4       0x1c ./Dave/Generated/TIMER/timer.o
 .text.XMC_CCU4_SLICE_SetTimerCompareMatch
                0x08001b10       0x1c ./Dave/Generated/TIMER/timer.o
 .text.XMC_CCU4_EnableShadowTransfer
                0x08001b2c       0x1c ./Dave/Generated/TIMER/timer.o
 .text.XMC_CCU4_SLICE_EnableEvent
                0x08001b48       0x2c ./Dave/Generated/TIMER/timer.o
 .text.XMC_CCU4_SLICE_ClearEvent
                0x08001b74       0x2c ./Dave/Generated/TIMER/timer.o
 .text.TIMER_Init
                0x08001ba0       0x3c ./Dave/Generated/TIMER/timer.o
                0x08001ba0                TIMER_Init
 .text.TIMER_Start
                0x08001bdc       0x3c ./Dave/Generated/TIMER/timer.o
                0x08001bdc                TIMER_Start
 .text.TIMER_Stop
                0x08001c18       0x48 ./Dave/Generated/TIMER/timer.o
                0x08001c18                TIMER_Stop
 .text.TIMER_GetTimerStatus
                0x08001c60       0x30 ./Dave/Generated/TIMER/timer.o
                0x08001c60                TIMER_GetTimerStatus
 .text.TIMER_SetTimeInterval
                0x08001c90      0x128 ./Dave/Generated/TIMER/timer.o
                0x08001c90                TIMER_SetTimeInterval
 .text.TIMER_ClearEvent
                0x08001db8       0x24 ./Dave/Generated/TIMER/timer.o
                0x08001db8                TIMER_ClearEvent
 .text.TIMER_Clear
                0x08001ddc       0x3c ./Dave/Generated/TIMER/timer.o
                0x08001ddc                TIMER_Clear
 .text.TIMER_CCU4_lInit
                0x08001e18       0x98 ./Dave/Generated/TIMER/timer.o
                0x08001e18                TIMER_CCU4_lInit
 .text.TIMER_CCU4_lShadowTransfer
                0x08001eb0       0x3c ./Dave/Generated/TIMER/timer.o
                0x08001eb0                TIMER_CCU4_lShadowTransfer
 .text.XMC_CCU8_EnableClock
                0x08001eec       0x28 ./Dave/Generated/PWM_BC/pwm_bc.o
 .text.XMC_CCU8_SLICE_EnableTrap
                0x08001f14       0x24 ./Dave/Generated/PWM_BC/pwm_bc.o
 .text.XMC_CCU8_EnableShadowTransfer
                0x08001f38       0x1c ./Dave/Generated/PWM_BC/pwm_bc.o
 .text.XMC_CCU8_SLICE_EnableEvent
                0x08001f54       0x2c ./Dave/Generated/PWM_BC/pwm_bc.o
 .text.XMC_CCU8_SLICE_ClearEvent
                0x08001f80       0x2c ./Dave/Generated/PWM_BC/pwm_bc.o
 .text.XMC_SCU_SetCcuTriggerHigh
                0x08001fac       0x24 ./Dave/Generated/PWM_BC/pwm_bc.o
 .text.XMC_SCU_SetCcuTriggerLow
                0x08001fd0       0x24 ./Dave/Generated/PWM_BC/pwm_bc.o
 .text.XMC_POSIF_Start
                0x08001ff4       0x18 ./Dave/Generated/PWM_BC/pwm_bc.o
 .text.XMC_POSIF_MCM_SetMultiChannelPattern
                0x0800200c       0x1c ./Dave/Generated/PWM_BC/pwm_bc.o
 .text.XMC_POSIF_MCM_GetMultiChannelPattern
                0x08002028       0x1c ./Dave/Generated/PWM_BC/pwm_bc.o
 .text.XMC_POSIF_MCM_GetShadowMultiChannelPattern
                0x08002044       0x1c ./Dave/Generated/PWM_BC/pwm_bc.o
 .text.XMC_GPIO_SetOutputHigh
                0x08002060       0x20 ./Dave/Generated/PWM_BC/pwm_bc.o
 .text.XMC_GPIO_SetOutputLow
                0x08002080       0x24 ./Dave/Generated/PWM_BC/pwm_bc.o
 .text.PWM_BC_lPinInit
                0x080020a4      0x160 ./Dave/Generated/PWM_BC/pwm_bc.o
                0x080020a4                PWM_BC_lPinInit
 .text.PWM_BC_Init
                0x08002204      0x328 ./Dave/Generated/PWM_BC/pwm_bc.o
                0x08002204                PWM_BC_Init
 .text.PWM_BC_InverterEnable
                0x0800252c       0x50 ./Dave/Generated/PWM_BC/pwm_bc.o
                0x0800252c                PWM_BC_InverterEnable
 .text.PWM_BC_Start
                0x0800257c      0x290 ./Dave/Generated/PWM_BC/pwm_bc.o
                0x0800257c                PWM_BC_Start
 .text.PWM_BC_SetNextMCPatt
                0x0800280c       0x3c ./Dave/Generated/PWM_BC/pwm_bc.o
                0x0800280c                PWM_BC_SetNextMCPatt
 .text.PWM_BC_DutyCycleUpdate
                0x08002848       0xac ./Dave/Generated/PWM_BC/pwm_bc.o
                0x08002848                PWM_BC_DutyCycleUpdate
 .text.PWM_BC_ModulationForSyncTransfer
                0x080028f4      0x134 ./Dave/Generated/PWM_BC/pwm_bc.o
                0x080028f4                PWM_BC_ModulationForSyncTransfer
 .text.__NVIC_GetPriorityGrouping
                0x08002a28       0x1c ./Dave/Generated/INTERRUPT/interrupt.o
 .text.__NVIC_EnableIRQ
                0x08002a44       0x38 ./Dave/Generated/INTERRUPT/interrupt.o
 .text.__NVIC_SetPriority
                0x08002a7c       0x54 ./Dave/Generated/INTERRUPT/interrupt.o
 .text.NVIC_EncodePriority
                0x08002ad0       0x64 ./Dave/Generated/INTERRUPT/interrupt.o
 .text.INTERRUPT_Enable
                0x08002b34       0x1c ./Dave/Generated/INTERRUPT/interrupt.o
 .text.INTERRUPT_Init
                0x08002b50       0x4c ./Dave/Generated/INTERRUPT/interrupt.o
                0x08002b50                INTERRUPT_Init
 .text.XMC_POSIF_SetMode
                0x08002b9c       0x2c ./Dave/Generated/GLOBAL_POSIF/global_posif.o
 .text.GLOBAL_POSIF_Init
                0x08002bc8       0x3c ./Dave/Generated/GLOBAL_POSIF/global_posif.o
                0x08002bc8                GLOBAL_POSIF_Init
 .text.XMC_CCU8_StartPrescaler
                0x08002c04       0x20 ./Dave/Generated/GLOBAL_CCU8/global_ccu8.o
 .text.GLOBAL_CCU8_Init
                0x08002c24       0x40 ./Dave/Generated/GLOBAL_CCU8/global_ccu8.o
                0x08002c24                GLOBAL_CCU8_Init
 .text.XMC_CCU4_StartPrescaler
                0x08002c64       0x20 ./Dave/Generated/GLOBAL_CCU4/global_ccu4.o
 .text.GLOBAL_CCU4_Init
                0x08002c84       0x40 ./Dave/Generated/GLOBAL_CCU4/global_ccu4.o
                0x08002c84                GLOBAL_CCU4_Init
 .text.XMC_VADC_GLOBAL_DisablePostCalibration
                0x08002cc4       0x2c ./Dave/Generated/GLOBAL_ADC/global_adc.o
 .text.GLOBAL_ADC_Init
                0x08002cf0       0xb0 ./Dave/Generated/GLOBAL_ADC/global_adc.o
                0x08002cf0                GLOBAL_ADC_Init
 .text.EVENT_GENERATOR_Init
                0x08002da0       0x48 ./Dave/Generated/EVENT_GENERATOR/event_generator.o
                0x08002da0                EVENT_GENERATOR_Init
 .text.EVENT_DETECTOR_Init
                0x08002de8       0x3c ./Dave/Generated/EVENT_DETECTOR/event_detector.o
                0x08002de8                EVENT_DETECTOR_Init
 .text.DIGITAL_IO_Init
                0x08002e24       0x40 ./Dave/Generated/DIGITAL_IO/digital_io.o
                0x08002e24                DIGITAL_IO_Init
 .text.__NVIC_SetPriorityGrouping
                0x08002e64       0x48 ./Dave/Generated/CPU_CTRL_XMC4/cpu_ctrl_xmc4_conf.o
 .text.SystemCoreSetup
                0x08002eac       0xa0 ./Dave/Generated/CPU_CTRL_XMC4/cpu_ctrl_xmc4_conf.o
                0x08002eac                SystemCoreSetup
 .text.CLOCK_XMC4_Init
                0x08002f4c       0x20 ./Dave/Generated/CLOCK_XMC4/clock_xmc4.o
                0x08002f4c                CLOCK_XMC4_Init
 .text.OSCHP_GetFrequency
                0x08002f6c       0x14 ./Dave/Generated/CLOCK_XMC4/clock_xmc4.o
                0x08002f6c                OSCHP_GetFrequency
 .text.SystemCoreClockSetup
                0x08002f80       0x54 ./Dave/Generated/CLOCK_XMC4/clock_xmc4_conf.o
                0x08002f80                SystemCoreClockSetup
 .text.XMC_GPIO_SetOutputLevel
                0x08002fd4       0x24 ./Dave/Generated/BUS_IO/bus_io.o
 .text.BUS_IO_Init
                0x08002ff8       0x64 ./Dave/Generated/BUS_IO/bus_io.o
                0x08002ff8                BUS_IO_Init
 .text.BUS_IO_Write
                0x0800305c       0x70 ./Dave/Generated/BUS_IO/bus_io.o
                0x0800305c                BUS_IO_Write
 .text.__NVIC_GetPriorityGrouping
                0x080030cc       0x1c ./Dave/Generated/ADC_MEASUREMENT/adc_measurement.o
 .text.__NVIC_EnableIRQ
                0x080030e8       0x38 ./Dave/Generated/ADC_MEASUREMENT/adc_measurement.o
 .text.__NVIC_SetPriority
                0x08003120       0x54 ./Dave/Generated/ADC_MEASUREMENT/adc_measurement.o
 .text.NVIC_EncodePriority
                0x08003174       0x64 ./Dave/Generated/ADC_MEASUREMENT/adc_measurement.o
 .text.XMC_VADC_GLOBAL_BackgroundTriggerConversion
                0x080031d8       0x24 ./Dave/Generated/ADC_MEASUREMENT/adc_measurement.o
 .text.XMC_VADC_GLOBAL_BackgroundAddChannelToSequence
                0x080031fc       0x38 ./Dave/Generated/ADC_MEASUREMENT/adc_measurement.o
 .text.XMC_VADC_GROUP_ResultInit
                0x08003234       0x24 ./Dave/Generated/ADC_MEASUREMENT/adc_measurement.o
 .text.XMC_VADC_GROUP_GetResult
                0x08003258       0x24 ./Dave/Generated/ADC_MEASUREMENT/adc_measurement.o
 .text.ADC_MEASUREMENT_Init
                0x0800327c      0x150 ./Dave/Generated/ADC_MEASUREMENT/adc_measurement.o
                0x0800327c                ADC_MEASUREMENT_Init
 .text.ADC_MEASUREMENT_StartConversion
                0x080033cc       0x1c ./Dave/Generated/ADC_MEASUREMENT/adc_measurement.o
                0x080033cc                ADC_MEASUREMENT_StartConversion
 .text.ADC_MEASUREMENT_GetResult
                0x080033e8       0x30 ./Dave/Generated/ADC_MEASUREMENT/adc_measurement.o
                0x080033e8                ADC_MEASUREMENT_GetResult
 .text.DAVE_Init
                0x08003418      0x240 ./Dave/Generated/DAVE.o
                0x08003418                DAVE_Init
 .text.ADChandler
                0x08003658       0xe0 ./ADC.o
                0x08003658                ADChandler
 .text.XMC_GPIO_SetOutputHigh
                0x08003738       0x20 ./Buttons.o
 .text.XMC_GPIO_GetInput
                0x08003758       0x28 ./Buttons.o
 .text.DIGITAL_IO_SetOutputHigh
                0x08003780       0x20 ./Buttons.o
 .text.DIGITAL_IO_GetInput
                0x080037a0       0x24 ./Buttons.o
 .text.Buttonhandler
                0x080037c4       0xb8 ./Buttons.o
                0x080037c4                Buttonhandler
 .text.CCU40_2_IRQHandler
                0x0800387c       0x80 ./Interupts.o
                0x0800387c                CCU40_2_IRQHandler
 *fill*         0x080038fc        0x4 
 .text.CCU43_1_IRQHandler
                0x08003900      0x118 ./Interupts.o
                0x08003900                CCU43_1_IRQHandler
 .text.CCU41_1_IRQHandler
                0x08003a18       0x4c ./Interupts.o
                0x08003a18                CCU41_1_IRQHandler
 .text.XMC_GPIO_SetOutputHigh
                0x08003a64       0x20 ./LCD.o
 .text.XMC_GPIO_SetOutputLow
                0x08003a84       0x24 ./LCD.o
 .text.DIGITAL_IO_SetOutputHigh
                0x08003aa8       0x20 ./LCD.o
 .text.DIGITAL_IO_SetOutputLow
                0x08003ac8       0x20 ./LCD.o
 .text.DelayTimer
                0x08003ae8       0x28 ./LCD.o
                0x08003ae8                DelayTimer
 .text.DisplayTask
                0x08003b10      0x350 ./LCD.o
                0x08003b10                DisplayTask
 .text.LCD_Befehl
                0x08003e60       0x44 ./LCD.o
                0x08003e60                LCD_Befehl
 .text.LCD_Write
                0x08003ea4       0x44 ./LCD.o
                0x08003ea4                LCD_Write
 .text.LCD_SollRPM
                0x08003ee8       0x50 ./LCD.o
                0x08003ee8                LCD_SollRPM
 .text.LCD_IstRPM
                0x08003f38       0x50 ./LCD.o
                0x08003f38                LCD_IstRPM
 .text.LCD_IstVolt
                0x08003f88       0x5c ./LCD.o
                0x08003f88                LCD_IstVolt
 .text.LCD_SollVolt
                0x08003fe4       0x5c ./LCD.o
                0x08003fe4                LCD_SollVolt
 .text.LCD_SetDuty
                0x08004040       0x50 ./LCD.o
                0x08004040                LCD_SetDuty
 .text.LCD_SetDelay
                0x08004090       0x54 ./LCD.o
                0x08004090                LCD_SetDelay
 .text.XMC_GPIO_SetOutputHigh
                0x080040e4       0x20 ./Posif_BLDC.o
 .text.XMC_GPIO_SetOutputLow
                0x08004104       0x24 ./Posif_BLDC.o
 .text.XMC_GPIO_GetInput
                0x08004128       0x28 ./Posif_BLDC.o
 .text.DIGITAL_IO_SetOutputHigh
                0x08004150       0x20 ./Posif_BLDC.o
 .text.DIGITAL_IO_SetOutputLow
                0x08004170       0x20 ./Posif_BLDC.o
 .text.DIGITAL_IO_GetInput
                0x08004190       0x24 ./Posif_BLDC.o
 .text.XMC_POSIF_MCM_UpdateMultiChannelPattern
                0x080041b4       0x20 ./Posif_BLDC.o
 .text.ResetGateDriver
                0x080041d4       0x40 ./Posif_BLDC.o
                0x080041d4                ResetGateDriver
 .text.CCU80_3_IRQHandler
                0x08004214       0x70 ./Posif_BLDC.o
                0x08004214                CCU80_3_IRQHandler
 .text.XMC_GPIO_GetInput
                0x08004284       0x28 ./Speed.o
 .text.DIGITAL_IO_GetInput
                0x080042ac       0x24 ./Speed.o
 .text.Speedhandler
                0x080042d0      0x174 ./Speed.o
                0x080042d0                Speedhandler
 .text.Check_RPM
                0x08004444       0x38 ./Speed.o
                0x08004444                Check_RPM
 .text.HallEvent
                0x0800447c       0x44 ./Speed.o
                0x0800447c                HallEvent
 .text.Temperatur_step
                0x080044c0       0xc0 ./Temperatur.o
                0x080044c0                Temperatur_step
 .text.plook_u32d_binckan
                0x08004580       0xc0 ./lut.o
                0x08004580                plook_u32d_binckan
 .text.binsearch_u32d
                0x08004640       0x64 ./lut.o
                0x08004640                binsearch_u32d
 .text.lut_step
                0x080046a4       0x3c ./lut.o
                0x080046a4                lut_step
 .text.main     0x080046e0       0x3c ./main.o
                0x080046e0                main
 .text.log      0x0800471c      0x100 c:/users/administrator/documents/dave-ide-4.4.2-64bit/eclipse/arm-gcc-49/bin/../lib/gcc/arm-none-eabi/4.9.3/../../../../arm-none-eabi/lib/armv7e-m/softfp\libm.a(lib_a-w_log.o)
                0x0800471c                log
 *fill*         0x0800481c        0x4 
 .text.__ieee754_log
                0x08004820      0x3d0 c:/users/administrator/documents/dave-ide-4.4.2-64bit/eclipse/arm-gcc-49/bin/../lib/gcc/arm-none-eabi/4.9.3/../../../../arm-none-eabi/lib/armv7e-m/softfp\libm.a(lib_a-e_log.o)
                0x08004820                __ieee754_log
 .text.__fpclassifyd
                0x08004bf0       0x58 c:/users/administrator/documents/dave-ide-4.4.2-64bit/eclipse/arm-gcc-49/bin/../lib/gcc/arm-none-eabi/4.9.3/../../../../arm-none-eabi/lib/armv7e-m/softfp\libm.a(lib_a-s_fpclassify.o)
                0x08004bf0                __fpclassifyd
 .text.matherr  0x08004c48        0x4 c:/users/administrator/documents/dave-ide-4.4.2-64bit/eclipse/arm-gcc-49/bin/../lib/gcc/arm-none-eabi/4.9.3/../../../../arm-none-eabi/lib/armv7e-m/softfp\libm.a(lib_a-s_matherr.o)
                0x08004c48                matherr
 .text.nan      0x08004c4c        0xc c:/users/administrator/documents/dave-ide-4.4.2-64bit/eclipse/arm-gcc-49/bin/../lib/gcc/arm-none-eabi/4.9.3/../../../../arm-none-eabi/lib/armv7e-m/softfp\libm.a(lib_a-s_nan.o)
                0x08004c4c                nan
 .text          0x08004c58      0x370 c:/users/administrator/documents/dave-ide-4.4.2-64bit/eclipse/arm-gcc-49/bin/../lib/gcc/arm-none-eabi/4.9.3/armv7e-m/softfp\libgcc.a(_arm_addsubdf3.o)
                0x08004c58                __aeabi_drsub
                0x08004c60                __aeabi_dsub
                0x08004c60                __subdf3
                0x08004c64                __aeabi_dadd
                0x08004c64                __adddf3
                0x08004edc                __floatunsidf
                0x08004edc                __aeabi_ui2d
                0x08004efc                __floatsidf
                0x08004efc                __aeabi_i2d
                0x08004f20                __aeabi_f2d
                0x08004f20                __extendsfdf2
                0x08004f5c                __floatundidf
                0x08004f5c                __aeabi_ul2d
                0x08004f6c                __floatdidf
                0x08004f6c                __aeabi_l2d
 .text          0x08004fc8      0x424 c:/users/administrator/documents/dave-ide-4.4.2-64bit/eclipse/arm-gcc-49/bin/../lib/gcc/arm-none-eabi/4.9.3/armv7e-m/softfp\libgcc.a(_arm_muldivdf3.o)
                0x08004fc8                __aeabi_dmul
                0x08004fc8                __muldf3
                0x0800521c                __divdf3
                0x0800521c                __aeabi_ddiv
 .text          0x080053ec      0x110 c:/users/administrator/documents/dave-ide-4.4.2-64bit/eclipse/arm-gcc-49/bin/../lib/gcc/arm-none-eabi/4.9.3/armv7e-m/softfp\libgcc.a(_arm_cmpdf2.o)
                0x080053ec                __gtdf2
                0x080053ec                __gedf2
                0x080053f4                __ltdf2
                0x080053f4                __ledf2
                0x080053fc                __nedf2
                0x080053fc                __eqdf2
                0x080053fc                __cmpdf2
                0x08005478                __aeabi_cdrcmple
                0x08005488                __aeabi_cdcmpeq
                0x08005488                __aeabi_cdcmple
                0x08005498                __aeabi_dcmpeq
                0x080054ac                __aeabi_dcmplt
                0x080054c0                __aeabi_dcmple
                0x080054d4                __aeabi_dcmpge
                0x080054e8                __aeabi_dcmpgt
 .text          0x080054fc       0x40 c:/users/administrator/documents/dave-ide-4.4.2-64bit/eclipse/arm-gcc-49/bin/../lib/gcc/arm-none-eabi/4.9.3/armv7e-m/softfp\libgcc.a(_arm_fixunsdfsi.o)
                0x080054fc                __aeabi_d2uiz
                0x080054fc                __fixunsdfsi
 .text          0x0800553c       0xa0 c:/users/administrator/documents/dave-ide-4.4.2-64bit/eclipse/arm-gcc-49/bin/../lib/gcc/arm-none-eabi/4.9.3/armv7e-m/softfp\libgcc.a(_arm_truncdfsf2.o)
                0x0800553c                __truncdfsf2
                0x0800553c                __aeabi_d2f
 .text          0x080055dc       0x2c c:/users/administrator/documents/dave-ide-4.4.2-64bit/eclipse/arm-gcc-49/bin/../lib/gcc/arm-none-eabi/4.9.3/armv7e-m/softfp\libgcc.a(_aeabi_uldivmod.o)
                0x080055dc                __aeabi_uldivmod
 .text          0x08005608       0x60 c:/users/administrator/documents/dave-ide-4.4.2-64bit/eclipse/arm-gcc-49/bin/../lib/gcc/arm-none-eabi/4.9.3/armv7e-m/softfp\libgcc.a(bpabi.o)
                0x08005608                __gnu_ldivmod_helper
                0x08005638                __gnu_uldivmod_helper
 .text          0x08005668        0x4 c:/users/administrator/documents/dave-ide-4.4.2-64bit/eclipse/arm-gcc-49/bin/../lib/gcc/arm-none-eabi/4.9.3/armv7e-m/softfp\libgcc.a(_dvmd_tls.o)
                0x08005668                __aeabi_idiv0
                0x08005668                __aeabi_ldiv0
 .text          0x0800566c      0x29c c:/users/administrator/documents/dave-ide-4.4.2-64bit/eclipse/arm-gcc-49/bin/../lib/gcc/arm-none-eabi/4.9.3/armv7e-m/softfp\libgcc.a(_divdi3.o)
                0x0800566c                __divdi3
 .text          0x08005908      0x26c c:/users/administrator/documents/dave-ide-4.4.2-64bit/eclipse/arm-gcc-49/bin/../lib/gcc/arm-none-eabi/4.9.3/armv7e-m/softfp\libgcc.a(_udivdi3.o)
                0x08005908                __udivdi3
 .text.__errno  0x08005b74        0xc c:/users/administrator/documents/dave-ide-4.4.2-64bit/eclipse/arm-gcc-49/bin/../lib/gcc/arm-none-eabi/4.9.3/../../../../arm-none-eabi/lib/armv7e-m/softfp\libg.a(lib_a-errno.o)
                0x08005b74                __errno
 .text.__libc_init_array
                0x08005b80       0x50 c:/users/administrator/documents/dave-ide-4.4.2-64bit/eclipse/arm-gcc-49/bin/../lib/gcc/arm-none-eabi/4.9.3/../../../../arm-none-eabi/lib/armv7e-m/softfp\libg.a(lib_a-init.o)
                0x08005b80                __libc_init_array
 .text          0x08005bd0      0x134 c:/users/administrator/documents/dave-ide-4.4.2-64bit/eclipse/arm-gcc-49/bin/../lib/gcc/arm-none-eabi/4.9.3/../../../../arm-none-eabi/lib/armv7e-m/softfp\libg.a(lib_a-memcpy.o)
                0x08005bd0                memcpy
 .text.memset   0x08005d04       0x9c c:/users/administrator/documents/dave-ide-4.4.2-64bit/eclipse/arm-gcc-49/bin/../lib/gcc/arm-none-eabi/4.9.3/../../../../arm-none-eabi/lib/armv7e-m/softfp\libg.a(lib_a-memset.o)
                0x08005d04                memset
 .text.sprintf  0x08005da0       0x4c c:/users/administrator/documents/dave-ide-4.4.2-64bit/eclipse/arm-gcc-49/bin/../lib/gcc/arm-none-eabi/4.9.3/../../../../arm-none-eabi/lib/armv7e-m/softfp\libg.a(lib_a-sprintf.o)
                0x08005da0                sprintf
 *fill*         0x08005dec        0x4 
 .text._svfprintf_r
                0x08005df0     0x14d0 c:/users/administrator/documents/dave-ide-4.4.2-64bit/eclipse/arm-gcc-49/bin/../lib/gcc/arm-none-eabi/4.9.3/../../../../arm-none-eabi/lib/armv7e-m/softfp\libg.a(lib_a-svfprintf.o)
                0x08005df0                _svfprintf_r
 .text.quorem   0x080072c0      0x12c c:/users/administrator/documents/dave-ide-4.4.2-64bit/eclipse/arm-gcc-49/bin/../lib/gcc/arm-none-eabi/4.9.3/../../../../arm-none-eabi/lib/armv7e-m/softfp\libg.a(lib_a-dtoa.o)
 *fill*         0x080073ec        0x4 
 .text._dtoa_r  0x080073f0      0xe90 c:/users/administrator/documents/dave-ide-4.4.2-64bit/eclipse/arm-gcc-49/bin/../lib/gcc/arm-none-eabi/4.9.3/../../../../arm-none-eabi/lib/armv7e-m/softfp\libg.a(lib_a-dtoa.o)
                0x080073f0                _dtoa_r
 .text._localeconv_r
                0x08008280        0x8 c:/users/administrator/documents/dave-ide-4.4.2-64bit/eclipse/arm-gcc-49/bin/../lib/gcc/arm-none-eabi/4.9.3/../../../../arm-none-eabi/lib/armv7e-m/softfp\libg.a(lib_a-locale.o)
                0x08008280                _localeconv_r
 .text._malloc_r
                0x08008288      0x51c c:/users/administrator/documents/dave-ide-4.4.2-64bit/eclipse/arm-gcc-49/bin/../lib/gcc/arm-none-eabi/4.9.3/../../../../arm-none-eabi/lib/armv7e-m/softfp\libg.a(lib_a-mallocr.o)
                0x08008288                _malloc_r
 .text.memchr   0x080087a4       0x94 c:/users/administrator/documents/dave-ide-4.4.2-64bit/eclipse/arm-gcc-49/bin/../lib/gcc/arm-none-eabi/4.9.3/../../../../arm-none-eabi/lib/armv7e-m/softfp\libg.a(lib_a-memchr.o)
                0x080087a4                memchr
 .text.__malloc_lock
                0x08008838        0x4 c:/users/administrator/documents/dave-ide-4.4.2-64bit/eclipse/arm-gcc-49/bin/../lib/gcc/arm-none-eabi/4.9.3/../../../../arm-none-eabi/lib/armv7e-m/softfp\libg.a(lib_a-mlock.o)
                0x08008838                __malloc_lock
 .text.__malloc_unlock
                0x0800883c        0x4 c:/users/administrator/documents/dave-ide-4.4.2-64bit/eclipse/arm-gcc-49/bin/../lib/gcc/arm-none-eabi/4.9.3/../../../../arm-none-eabi/lib/armv7e-m/softfp\libg.a(lib_a-mlock.o)
                0x0800883c                __malloc_unlock
 .text._Balloc  0x08008840       0x4c c:/users/administrator/documents/dave-ide-4.4.2-64bit/eclipse/arm-gcc-49/bin/../lib/gcc/arm-none-eabi/4.9.3/../../../../arm-none-eabi/lib/armv7e-m/softfp\libg.a(lib_a-mprec.o)
                0x08008840                _Balloc
 .text._Bfree   0x0800888c       0x14 c:/users/administrator/documents/dave-ide-4.4.2-64bit/eclipse/arm-gcc-49/bin/../lib/gcc/arm-none-eabi/4.9.3/../../../../arm-none-eabi/lib/armv7e-m/softfp\libg.a(lib_a-mprec.o)
                0x0800888c                _Bfree
 .text.__multadd
                0x080088a0       0x84 c:/users/administrator/documents/dave-ide-4.4.2-64bit/eclipse/arm-gcc-49/bin/../lib/gcc/arm-none-eabi/4.9.3/../../../../arm-none-eabi/lib/armv7e-m/softfp\libg.a(lib_a-mprec.o)
                0x080088a0                __multadd
 .text.__hi0bits
                0x08008924       0x40 c:/users/administrator/documents/dave-ide-4.4.2-64bit/eclipse/arm-gcc-49/bin/../lib/gcc/arm-none-eabi/4.9.3/../../../../arm-none-eabi/lib/armv7e-m/softfp\libg.a(lib_a-mprec.o)
                0x08008924                __hi0bits
 .text.__lo0bits
                0x08008964       0x5c c:/users/administrator/documents/dave-ide-4.4.2-64bit/eclipse/arm-gcc-49/bin/../lib/gcc/arm-none-eabi/4.9.3/../../../../arm-none-eabi/lib/armv7e-m/softfp\libg.a(lib_a-mprec.o)
                0x08008964                __lo0bits
 .text.__i2b    0x080089c0       0x14 c:/users/administrator/documents/dave-ide-4.4.2-64bit/eclipse/arm-gcc-49/bin/../lib/gcc/arm-none-eabi/4.9.3/../../../../arm-none-eabi/lib/armv7e-m/softfp\libg.a(lib_a-mprec.o)
                0x080089c0                __i2b
 .text.__multiply
                0x080089d4      0x134 c:/users/administrator/documents/dave-ide-4.4.2-64bit/eclipse/arm-gcc-49/bin/../lib/gcc/arm-none-eabi/4.9.3/../../../../arm-none-eabi/lib/armv7e-m/softfp\libg.a(lib_a-mprec.o)
                0x080089d4                __multiply
 .text.__pow5mult
                0x08008b08       0xa0 c:/users/administrator/documents/dave-ide-4.4.2-64bit/eclipse/arm-gcc-49/bin/../lib/gcc/arm-none-eabi/4.9.3/../../../../arm-none-eabi/lib/armv7e-m/softfp\libg.a(lib_a-mprec.o)
                0x08008b08                __pow5mult
 .text.__lshift
                0x08008ba8       0xac c:/users/administrator/documents/dave-ide-4.4.2-64bit/eclipse/arm-gcc-49/bin/../lib/gcc/arm-none-eabi/4.9.3/../../../../arm-none-eabi/lib/armv7e-m/softfp\libg.a(lib_a-mprec.o)
                0x08008ba8                __lshift
 .text.__mcmp   0x08008c54       0x48 c:/users/administrator/documents/dave-ide-4.4.2-64bit/eclipse/arm-gcc-49/bin/../lib/gcc/arm-none-eabi/4.9.3/../../../../arm-none-eabi/lib/armv7e-m/softfp\libg.a(lib_a-mprec.o)
                0x08008c54                __mcmp
 .text.__mdiff  0x08008c9c       0xd4 c:/users/administrator/documents/dave-ide-4.4.2-64bit/eclipse/arm-gcc-49/bin/../lib/gcc/arm-none-eabi/4.9.3/../../../../arm-none-eabi/lib/armv7e-m/softfp\libg.a(lib_a-mprec.o)
                0x08008c9c                __mdiff
 .text.__d2b    0x08008d70       0xb8 c:/users/administrator/documents/dave-ide-4.4.2-64bit/eclipse/arm-gcc-49/bin/../lib/gcc/arm-none-eabi/4.9.3/../../../../arm-none-eabi/lib/armv7e-m/softfp\libg.a(lib_a-mprec.o)
                0x08008d70                __d2b
 .text._sbrk_r  0x08008e28       0x24 c:/users/administrator/documents/dave-ide-4.4.2-64bit/eclipse/arm-gcc-49/bin/../lib/gcc/arm-none-eabi/4.9.3/../../../../arm-none-eabi/lib/armv7e-m/softfp\libg.a(lib_a-sbrkr.o)
                0x08008e28                _sbrk_r
 .text.strlen   0x08008e4c       0x5c c:/users/administrator/documents/dave-ide-4.4.2-64bit/eclipse/arm-gcc-49/bin/../lib/gcc/arm-none-eabi/4.9.3/../../../../arm-none-eabi/lib/armv7e-m/softfp\libg.a(lib_a-strlen.o)
                0x08008e4c                strlen
 .text.__ssprint_r
                0x08008ea8      0x104 c:/users/administrator/documents/dave-ide-4.4.2-64bit/eclipse/arm-gcc-49/bin/../lib/gcc/arm-none-eabi/4.9.3/../../../../arm-none-eabi/lib/armv7e-m/softfp\libg.a(lib_a-svfiprintf.o)
                0x08008ea8                __ssprint_r
 .text._calloc_r
                0x08008fac       0x60 c:/users/administrator/documents/dave-ide-4.4.2-64bit/eclipse/arm-gcc-49/bin/../lib/gcc/arm-none-eabi/4.9.3/../../../../arm-none-eabi/lib/armv7e-m/softfp\libg.a(lib_a-callocr.o)
                0x08008fac                _calloc_r
 .text._malloc_trim_r
                0x0800900c       0x9c c:/users/administrator/documents/dave-ide-4.4.2-64bit/eclipse/arm-gcc-49/bin/../lib/gcc/arm-none-eabi/4.9.3/../../../../arm-none-eabi/lib/armv7e-m/softfp\libg.a(lib_a-freer.o)
                0x0800900c                _malloc_trim_r
 .text._free_r  0x080090a8      0x1b0 c:/users/administrator/documents/dave-ide-4.4.2-64bit/eclipse/arm-gcc-49/bin/../lib/gcc/arm-none-eabi/4.9.3/../../../../arm-none-eabi/lib/armv7e-m/softfp\libg.a(lib_a-freer.o)
                0x080090a8                _free_r
 .text.memmove  0x08009258       0xc8 c:/users/administrator/documents/dave-ide-4.4.2-64bit/eclipse/arm-gcc-49/bin/../lib/gcc/arm-none-eabi/4.9.3/../../../../arm-none-eabi/lib/armv7e-m/softfp\libg.a(lib_a-memmove.o)
                0x08009258                memmove
 .text._realloc_r
                0x08009320      0x3ec c:/users/administrator/documents/dave-ide-4.4.2-64bit/eclipse/arm-gcc-49/bin/../lib/gcc/arm-none-eabi/4.9.3/../../../../arm-none-eabi/lib/armv7e-m/softfp\libg.a(lib_a-reallocr.o)
                0x08009320                _realloc_r
 .text          0x0800970c       0x50 c:/users/administrator/documents/dave-ide-4.4.2-64bit/eclipse/arm-gcc-49/bin/../lib/gcc/arm-none-eabi/4.9.3/armv7e-m/softfp\libgcc.a(_arm_fixdfsi.o)
                0x0800970c                __aeabi_d2iz
                0x0800970c                __fixdfsi
 *(.init)
 *(.fini)
 *crtbegin.o(.ctors)
 *crtbegin?.o(.ctors)
 *(EXCLUDE_FILE(*crtend.o *crtend?.o) .ctors)
 *(SORT(.ctors.*))
 *(.ctors)
 *crtbegin.o(.dtors)
 *crtbegin?.o(.dtors)
 *(EXCLUDE_FILE(*crtend.o *crtend?.o) .dtors)
 *(SORT(.dtors.*))
 *(.dtors)
 *(.rodata .rodata.*)
 .rodata.g_xmc_vadc_group_array
                0x0800975c       0x10 ./Libraries/XMCLib/src/xmc_vadc.o
 .rodata.PWM_BC_0_PhUHighpin
                0x0800976c        0x8 ./Dave/Generated/PWM_BC/pwm_bc_conf.o
                0x0800976c                PWM_BC_0_PhUHighpin
 .rodata.PWM_BC_0_PhULowpin
                0x08009774        0x8 ./Dave/Generated/PWM_BC/pwm_bc_conf.o
                0x08009774                PWM_BC_0_PhULowpin
 .rodata.PWM_BC_0_PhVHighpin
                0x0800977c        0x8 ./Dave/Generated/PWM_BC/pwm_bc_conf.o
                0x0800977c                PWM_BC_0_PhVHighpin
 .rodata.PWM_BC_0_PhVLowpin
                0x08009784        0x8 ./Dave/Generated/PWM_BC/pwm_bc_conf.o
                0x08009784                PWM_BC_0_PhVLowpin
 .rodata.PWM_BC_0_PhWHighpin
                0x0800978c        0x8 ./Dave/Generated/PWM_BC/pwm_bc_conf.o
                0x0800978c                PWM_BC_0_PhWHighpin
 .rodata.PWM_BC_0_PhWLowpin
                0x08009794        0x8 ./Dave/Generated/PWM_BC/pwm_bc_conf.o
                0x08009794                PWM_BC_0_PhWLowpin
 .rodata.PWM_BC_0_PhUHighpin_Config
                0x0800979c        0xc ./Dave/Generated/PWM_BC/pwm_bc_conf.o
                0x0800979c                PWM_BC_0_PhUHighpin_Config
 .rodata.PWM_BC_0_PhULowpin_Config
                0x080097a8        0xc ./Dave/Generated/PWM_BC/pwm_bc_conf.o
                0x080097a8                PWM_BC_0_PhULowpin_Config
 .rodata.PWM_BC_0_PhVHighpin_Config
                0x080097b4        0xc ./Dave/Generated/PWM_BC/pwm_bc_conf.o
                0x080097b4                PWM_BC_0_PhVHighpin_Config
 .rodata.PWM_BC_0_PhVLowpin_Config
                0x080097c0        0xc ./Dave/Generated/PWM_BC/pwm_bc_conf.o
                0x080097c0                PWM_BC_0_PhVLowpin_Config
 .rodata.PWM_BC_0_PhWHighpin_Config
                0x080097cc        0xc ./Dave/Generated/PWM_BC/pwm_bc_conf.o
                0x080097cc                PWM_BC_0_PhWHighpin_Config
 .rodata.PWM_BC_0_PhWLowpin_Config
                0x080097d8        0xc ./Dave/Generated/PWM_BC/pwm_bc_conf.o
                0x080097d8                PWM_BC_0_PhWLowpin_Config
 .rodata.PWM_BC_0_Inverterpin
                0x080097e4        0x8 ./Dave/Generated/PWM_BC/pwm_bc_conf.o
                0x080097e4                PWM_BC_0_Inverterpin
 .rodata.PWM_BC_0_Inverterpin_Config
                0x080097ec        0xc ./Dave/Generated/PWM_BC/pwm_bc_conf.o
                0x080097ec                PWM_BC_0_Inverterpin_Config
 .rodata.PWM_BC_0_SliceUConfig
                0x080097f8        0x8 ./Dave/Generated/PWM_BC/pwm_bc_conf.o
                0x080097f8                PWM_BC_0_SliceUConfig
 .rodata.PWM_BC_0_SliceVConfig
                0x08009800        0x8 ./Dave/Generated/PWM_BC/pwm_bc_conf.o
                0x08009800                PWM_BC_0_SliceVConfig
 .rodata.PWM_BC_0_SliceWConfig
                0x08009808        0x8 ./Dave/Generated/PWM_BC/pwm_bc_conf.o
                0x08009808                PWM_BC_0_SliceWConfig
 .rodata.PWM_BC_0_ExtStartConfig
                0x08009810        0x4 ./Dave/Generated/PWM_BC/pwm_bc_conf.o
                0x08009810                PWM_BC_0_ExtStartConfig
 .rodata.PWM_BC_0_Timer_InitHandle
                0x08009814       0x10 ./Dave/Generated/PWM_BC/pwm_bc_conf.o
                0x08009814                PWM_BC_0_Timer_InitHandle
 .rodata.PWM_BC_0_Config
                0x08009824       0x6c ./Dave/Generated/PWM_BC/pwm_bc_conf.o
                0x08009824                PWM_BC_0_Config
 .rodata.PeriodMatchInt
                0x08009890        0x4 ./Dave/Generated/INTERRUPT/interrupt_conf.o
                0x08009890                PeriodMatchInt
 .rodata.INT_LCD_Timer
                0x08009894        0x4 ./Dave/Generated/INTERRUPT/interrupt_conf.o
                0x08009894                INT_LCD_Timer
 .rodata.INT_Timer1000ms
                0x08009898        0x4 ./Dave/Generated/INTERRUPT/interrupt_conf.o
                0x08009898                INT_Timer1000ms
 .rodata.INT_Hall1
                0x0800989c        0x4 ./Dave/Generated/INTERRUPT/interrupt_conf.o
                0x0800989c                INT_Hall1
 .rodata.INT_Timer20ms
                0x080098a0        0x4 ./Dave/Generated/INTERRUPT/interrupt_conf.o
                0x080098a0                INT_Timer20ms
 .rodata.group_init_handle0
                0x080098a4       0x14 ./Dave/Generated/GLOBAL_ADC/global_adc_conf.o
                0x080098a4                group_init_handle0
 .rodata.group_init_handle1
                0x080098b8       0x14 ./Dave/Generated/GLOBAL_ADC/global_adc_conf.o
                0x080098b8                group_init_handle1
 .rodata.group_init_handle2
                0x080098cc       0x14 ./Dave/Generated/GLOBAL_ADC/global_adc_conf.o
                0x080098cc                group_init_handle2
 .rodata.group_init_handle3
                0x080098e0       0x14 ./Dave/Generated/GLOBAL_ADC/global_adc_conf.o
                0x080098e0                group_init_handle3
 .rodata.global_config
                0x080098f4       0x18 ./Dave/Generated/GLOBAL_ADC/global_adc_conf.o
                0x080098f4                global_config
 .rodata.EVENT_GENERATOR_0_OGU_Config
                0x0800990c        0x4 ./Dave/Generated/EVENT_GENERATOR/event_generator_conf.o
                0x0800990c                EVENT_GENERATOR_0_OGU_Config
 .rodata.EVENT_DETECTOR_0_ETL_Config
                0x08009910        0x8 ./Dave/Generated/EVENT_DETECTOR/event_detector_conf.o
                0x08009910                EVENT_DETECTOR_0_ETL_Config
 .rodata.Hall1  0x08009918       0x14 ./Dave/Generated/DIGITAL_IO/digital_io_conf.o
                0x08009918                Hall1
 .rodata.Hall2  0x0800992c       0x14 ./Dave/Generated/DIGITAL_IO/digital_io_conf.o
                0x0800992c                Hall2
 .rodata.LED2   0x08009940       0x14 ./Dave/Generated/DIGITAL_IO/digital_io_conf.o
                0x08009940                LED2
 .rodata.LED1   0x08009954       0x14 ./Dave/Generated/DIGITAL_IO/digital_io_conf.o
                0x08009954                LED1
 .rodata.BTN_1  0x08009968       0x14 ./Dave/Generated/DIGITAL_IO/digital_io_conf.o
                0x08009968                BTN_1
 .rodata.BTN_2  0x0800997c       0x14 ./Dave/Generated/DIGITAL_IO/digital_io_conf.o
                0x0800997c                BTN_2
 .rodata.O_G_EN
                0x08009990       0x14 ./Dave/Generated/DIGITAL_IO/digital_io_conf.o
                0x08009990                O_G_EN
 .rodata.I_nFAULT
                0x080099a4       0x14 ./Dave/Generated/DIGITAL_IO/digital_io_conf.o
                0x080099a4                I_nFAULT
 .rodata.Hall3  0x080099b8       0x14 ./Dave/Generated/DIGITAL_IO/digital_io_conf.o
                0x080099b8                Hall3
 .rodata.Motor_Start
                0x080099cc       0x14 ./Dave/Generated/DIGITAL_IO/digital_io_conf.o
                0x080099cc                Motor_Start
 .rodata.IN_Temp
                0x080099e0       0x14 ./Dave/Generated/DIGITAL_IO/digital_io_conf.o
                0x080099e0                IN_Temp
 .rodata.LCD_Enable
                0x080099f4       0x14 ./Dave/Generated/DIGITAL_IO/digital_io_conf.o
                0x080099f4                LCD_Enable
 .rodata.LCD_RS
                0x08009a08       0x14 ./Dave/Generated/DIGITAL_IO/digital_io_conf.o
                0x08009a08                LCD_RS
 .rodata.LCD_RW
                0x08009a1c       0x14 ./Dave/Generated/DIGITAL_IO/digital_io_conf.o
                0x08009a1c                LCD_RW
 .rodata        0x08009a30       0x14 ./Dave/Generated/CLOCK_XMC4/clock_xmc4_conf.o
 .rodata.LCD_DATA_pin_list
                0x08009a44       0x40 ./Dave/Generated/BUS_IO/bus_io_conf.o
                0x08009a44                LCD_DATA_pin_list
 .rodata.global_iclass_config
                0x08009a84        0x4 ./Dave/Generated/ADC_MEASUREMENT/adc_measurement_conf.o
                0x08009a84                global_iclass_config
 .rodata.backgnd_config
                0x08009a88        0xc ./Dave/Generated/ADC_MEASUREMENT/adc_measurement_conf.o
                0x08009a88                backgnd_config
 .rodata        0x08009a94       0x14 ./LCD.o
 .rodata.rtConstP_lut
                0x08009aa8      0x140 ./lut.o
                0x08009aa8                rtConstP_lut
 .rodata.str1.4
                0x08009be8        0x4 c:/users/administrator/documents/dave-ide-4.4.2-64bit/eclipse/arm-gcc-49/bin/../lib/gcc/arm-none-eabi/4.9.3/../../../../arm-none-eabi/lib/armv7e-m/softfp\libm.a(lib_a-w_log.o)
                                  0x8 (size before relaxing)
 .rodata.str1.4
                0x08009bec        0x2 c:/users/administrator/documents/dave-ide-4.4.2-64bit/eclipse/arm-gcc-49/bin/../lib/gcc/arm-none-eabi/4.9.3/../../../../arm-none-eabi/lib/armv7e-m/softfp\libg.a(lib_a-impure.o)
                                  0x4 (size before relaxing)
 *fill*         0x08009bee        0x2 
 .rodata.blanks.6794
                0x08009bf0       0x10 c:/users/administrator/documents/dave-ide-4.4.2-64bit/eclipse/arm-gcc-49/bin/../lib/gcc/arm-none-eabi/4.9.3/../../../../arm-none-eabi/lib/armv7e-m/softfp\libg.a(lib_a-svfprintf.o)
 .rodata.str1.4
                0x08009c00       0x42 c:/users/administrator/documents/dave-ide-4.4.2-64bit/eclipse/arm-gcc-49/bin/../lib/gcc/arm-none-eabi/4.9.3/../../../../arm-none-eabi/lib/armv7e-m/softfp\libg.a(lib_a-svfprintf.o)
                                 0x44 (size before relaxing)
 *fill*         0x08009c42        0x2 
 .rodata.zeroes.6795
                0x08009c44       0x10 c:/users/administrator/documents/dave-ide-4.4.2-64bit/eclipse/arm-gcc-49/bin/../lib/gcc/arm-none-eabi/4.9.3/../../../../arm-none-eabi/lib/armv7e-m/softfp\libg.a(lib_a-svfprintf.o)
 .rodata.str1.4
                0x08009c54       0x10 c:/users/administrator/documents/dave-ide-4.4.2-64bit/eclipse/arm-gcc-49/bin/../lib/gcc/arm-none-eabi/4.9.3/../../../../arm-none-eabi/lib/armv7e-m/softfp\libg.a(lib_a-dtoa.o)
                                 0x14 (size before relaxing)
 .rodata.str1.4
                0x08009c64        0xc c:/users/administrator/documents/dave-ide-4.4.2-64bit/eclipse/arm-gcc-49/bin/../lib/gcc/arm-none-eabi/4.9.3/../../../../arm-none-eabi/lib/armv7e-m/softfp\libg.a(lib_a-locale.o)
                                 0x14 (size before relaxing)
 .rodata.__mprec_tens
                0x08009c70       0xc8 c:/users/administrator/documents/dave-ide-4.4.2-64bit/eclipse/arm-gcc-49/bin/../lib/gcc/arm-none-eabi/4.9.3/../../../../arm-none-eabi/lib/armv7e-m/softfp\libg.a(lib_a-mprec.o)
                0x08009c70                __mprec_tens
 .rodata.__mprec_bigtens
                0x08009d38       0x28 c:/users/administrator/documents/dave-ide-4.4.2-64bit/eclipse/arm-gcc-49/bin/../lib/gcc/arm-none-eabi/4.9.3/../../../../arm-none-eabi/lib/armv7e-m/softfp\libg.a(lib_a-mprec.o)
                0x08009d38                __mprec_bigtens
 .rodata.p05.5265
                0x08009d60        0xc c:/users/administrator/documents/dave-ide-4.4.2-64bit/eclipse/arm-gcc-49/bin/../lib/gcc/arm-none-eabi/4.9.3/../../../../arm-none-eabi/lib/armv7e-m/softfp\libg.a(lib_a-mprec.o)
 *(.gnu.linkonce.r*)
 *(vtable)
                0x08009d6c                . = ALIGN (0x4)

.glue_7         0x08009d6c        0x0 load address 0x0c009d6c
 .glue_7        0x00000000        0x0 linker stubs

.glue_7t        0x08009d6c        0x0 load address 0x0c009d6c
 .glue_7t       0x00000000        0x0 linker stubs

.vfp11_veneer   0x08009d6c        0x0 load address 0x0c009d6c
 .vfp11_veneer  0x00000000        0x0 linker stubs

.v4_bx          0x08009d6c        0x0 load address 0x0c009d6c
 .v4_bx         0x00000000        0x0 linker stubs

.iplt           0x08009d6c        0x0 load address 0x0c009d6c
 .iplt          0x00000000        0x0 ./Startup/startup_XMC4500.o

.eh_frame_hdr
 *(.eh_frame_hdr)

.eh_frame       0x08009d6c        0x0 load address 0x0c009d6c
 *(.eh_frame)
 .eh_frame      0x08009d6c        0x0 c:/users/administrator/documents/dave-ide-4.4.2-64bit/eclipse/arm-gcc-49/bin/../lib/gcc/arm-none-eabi/4.9.3/../../../../arm-none-eabi/lib/armv7e-m/softfp\libg.a(lib_a-strcmp.o)
                                 0x70 (size before relaxing)

.ARM.extab
 *(.ARM.extab* .gnu.linkonce.armextab.*)
                0x08009d6c                . = ALIGN (0x4)
                0x08009d6c                __exidx_start = .

.ARM.exidx      0x08009d6c        0x8 load address 0x0c009d6c
 *(.ARM.exidx* .gnu.linkonce.armexidx.*)
 .ARM.exidx     0x08009d6c        0x8 c:/users/administrator/documents/dave-ide-4.4.2-64bit/eclipse/arm-gcc-49/bin/../lib/gcc/arm-none-eabi/4.9.3/armv7e-m/softfp\libgcc.a(_divdi3.o)
 .ARM.exidx     0x08009d74        0x0 c:/users/administrator/documents/dave-ide-4.4.2-64bit/eclipse/arm-gcc-49/bin/../lib/gcc/arm-none-eabi/4.9.3/armv7e-m/softfp\libgcc.a(_udivdi3.o)
                                  0x8 (size before relaxing)
                0x08009d74                __exidx_end = .

.rel.dyn        0x08009d74        0x0 load address 0x0c009d74
 .rel.iplt      0x00000000        0x0 ./Startup/startup_XMC4500.o
                0x08009d74                . = ALIGN (0x4)

Stack           0x10000000      0x800
                0x10000000                __stack_start = .
                0x10000800                . = (. + stack_size)
 *fill*         0x10000000      0x800 
                0x10000800                __stack_end = .
                0x10000800                __initial_sp = .

.ram_code       0x10000800        0x0 load address 0x0c009d74
                0x10000800                . = ALIGN (0x4)
                0x10000800                __ram_code_start = .
 *(.ram_code)
                0x10000800                . = ALIGN (0x4)
                0x10000800                __ram_code_end = .
                0x0c009d74                __ram_code_load = LOADADDR (.ram_code)
                0x00000000                __ram_code_size = (__ram_code_end - __ram_code_start)

PSRAM_DATA      0x10000800        0x0 load address 0x0c009d74
                0x10000800                . = ALIGN (0x4)
                0x10000800                __data3_start = .
 *(PSRAM_DATA)
                0x10000800                . = ALIGN (0x4)
                0x10000800                __data3_end = .
                0x0c009d74                __data3_load = LOADADDR (PSRAM_DATA)
                0x00000000                __data3_size = (__data3_end - __data3_start)

PSRAM_BSS       0x10000800        0x0 load address 0x0c009d74
                0x10000800                . = ALIGN (0x4)
                0x10000800                __bss3_start = .
 *(PSRAM_BSS)
                0x10000800                . = ALIGN (0x4)
                0x10000800                __bss3_end = .
                0x10000800                . = ALIGN (0x8)
                0x10000800                Heap_Bank3_Start = .
                0x00000000                __bss3_size = (__bss3_end - __bss3_start)

.data           0x20000000      0xbac load address 0x0c009d74
                0x20000000                . = ALIGN (0x4)
                0x20000000                __data_start = .
 *(.data)
 *(.data*)
 .data.LCD_Timer_config
                0x20000000        0x8 ./Dave/Generated/TIMER/timer_conf.o
                0x20000000                LCD_Timer_config
 .data.LCD_Timer
                0x20000008       0x28 ./Dave/Generated/TIMER/timer_conf.o
                0x20000008                LCD_Timer
 .data.Timer_1000ms_config
                0x20000030        0x8 ./Dave/Generated/TIMER/timer_conf.o
                0x20000030                Timer_1000ms_config
 .data.Timer_1000ms
                0x20000038       0x28 ./Dave/Generated/TIMER/timer_conf.o
                0x20000038                Timer_1000ms
 .data.Timer_debouncing_config
                0x20000060        0x8 ./Dave/Generated/TIMER/timer_conf.o
                0x20000060                Timer_debouncing_config
 .data.Timer_debouncing
                0x20000068       0x28 ./Dave/Generated/TIMER/timer_conf.o
                0x20000068                Timer_debouncing
 .data.PWM_BC_0_POSIF_MCM_Config
                0x20000090        0x4 ./Dave/Generated/PWM_BC/pwm_bc_conf.o
                0x20000090                PWM_BC_0_POSIF_MCM_Config
 .data.PWM_BC_0_Phase_DeadTimeConfig
                0x20000094        0xc ./Dave/Generated/PWM_BC/pwm_bc_conf.o
                0x20000094                PWM_BC_0_Phase_DeadTimeConfig
 .data.PWM_BC_0
                0x200000a0      0x108 ./Dave/Generated/PWM_BC/pwm_bc_conf.o
                0x200000a0                PWM_BC_0
 .data.GLOBAL_POSIF_0
                0x200001a8        0x8 ./Dave/Generated/GLOBAL_POSIF/global_posif_conf.o
                0x200001a8                GLOBAL_POSIF_0
 .data.GLOBAL_CCU8_0
                0x200001b0       0x10 ./Dave/Generated/GLOBAL_CCU8/global_ccu8_conf.o
                0x200001b0                GLOBAL_CCU8_0
 .data.GLOBAL_CCU4_1
                0x200001c0       0x10 ./Dave/Generated/GLOBAL_CCU4/global_ccu4_conf.o
                0x200001c0                GLOBAL_CCU4_1
 .data.GLOBAL_CCU4_3
                0x200001d0       0x10 ./Dave/Generated/GLOBAL_CCU4/global_ccu4_conf.o
                0x200001d0                GLOBAL_CCU4_3
 .data.GLOBAL_CCU4_0
                0x200001e0       0x10 ./Dave/Generated/GLOBAL_CCU4/global_ccu4_conf.o
                0x200001e0                GLOBAL_CCU4_0
 .data.group_0_config
                0x200001f0        0xc ./Dave/Generated/GLOBAL_ADC/global_adc_conf.o
                0x200001f0                group_0_config
 .data.group_1_config
                0x200001fc        0xc ./Dave/Generated/GLOBAL_ADC/global_adc_conf.o
                0x200001fc                group_1_config
 .data.group_2_config
                0x20000208        0xc ./Dave/Generated/GLOBAL_ADC/global_adc_conf.o
                0x20000208                group_2_config
 .data.group_3_config
                0x20000214        0xc ./Dave/Generated/GLOBAL_ADC/global_adc_conf.o
                0x20000214                group_3_config
 .data.GLOBAL_ADC_0
                0x20000220       0x1c ./Dave/Generated/GLOBAL_ADC/global_adc_conf.o
                0x20000220                GLOBAL_ADC_0
 .data.EVENT_GENERATOR_0
                0x2000023c       0x10 ./Dave/Generated/EVENT_GENERATOR/event_generator_conf.o
                0x2000023c                EVENT_GENERATOR_0
 .data.EVENT_DETECTOR_0
                0x2000024c       0x10 ./Dave/Generated/EVENT_DETECTOR/event_detector_conf.o
                0x2000024c                EVENT_DETECTOR_0
 .data.LCD_DATA
                0x2000025c       0x14 ./Dave/Generated/BUS_IO/bus_io_conf.o
                0x2000025c                LCD_DATA
 .data.Channel_A_ch_config
                0x20000270        0xc ./Dave/Generated/ADC_MEASUREMENT/adc_measurement_conf.o
                0x20000270                Channel_A_ch_config
 .data.ADC_MEASUREMENT_Channel_A_handle
                0x2000027c       0x10 ./Dave/Generated/ADC_MEASUREMENT/adc_measurement_conf.o
                0x2000027c                ADC_MEASUREMENT_Channel_A_handle
 .data.Channel_B_ch_config
                0x2000028c        0xc ./Dave/Generated/ADC_MEASUREMENT/adc_measurement_conf.o
                0x2000028c                Channel_B_ch_config
 .data.ADC_MEASUREMENT_Channel_B_handle
                0x20000298       0x10 ./Dave/Generated/ADC_MEASUREMENT/adc_measurement_conf.o
                0x20000298                ADC_MEASUREMENT_Channel_B_handle
 .data.ADC_MEASUREMENT_channel_array
                0x200002a8        0x8 ./Dave/Generated/ADC_MEASUREMENT/adc_measurement_conf.o
                0x200002a8                ADC_MEASUREMENT_channel_array
 .data.ADC_Voltage
                0x200002b0       0x1c ./Dave/Generated/ADC_MEASUREMENT/adc_measurement_conf.o
                0x200002b0                ADC_Voltage
 .data.BTN      0x200002cc        0x8 ./Buttons.o
                0x200002cc                BTN
 .data.LCD_Display
                0x200002d4       0x50 ./LCD.o
                0x200002d4                LCD_Display
 .data.Posifval
                0x20000324        0xc ./Posif_BLDC.o
                0x20000324                Posifval
 .data.__fdlib_version
                0x20000330        0x1 c:/users/administrator/documents/dave-ide-4.4.2-64bit/eclipse/arm-gcc-49/bin/../lib/gcc/arm-none-eabi/4.9.3/../../../../arm-none-eabi/lib/armv7e-m/softfp\libm.a(lib_a-s_lib_ver.o)
                0x20000330                __fdlib_version
 *fill*         0x20000331        0x7 
 .data.impure_data
                0x20000338      0x428 c:/users/administrator/documents/dave-ide-4.4.2-64bit/eclipse/arm-gcc-49/bin/../lib/gcc/arm-none-eabi/4.9.3/../../../../arm-none-eabi/lib/armv7e-m/softfp\libg.a(lib_a-impure.o)
 .data._impure_ptr
                0x20000760        0x4 c:/users/administrator/documents/dave-ide-4.4.2-64bit/eclipse/arm-gcc-49/bin/../lib/gcc/arm-none-eabi/4.9.3/../../../../arm-none-eabi/lib/armv7e-m/softfp\libg.a(lib_a-impure.o)
                0x20000760                _impure_ptr
 .data.lconv    0x20000764       0x38 c:/users/administrator/documents/dave-ide-4.4.2-64bit/eclipse/arm-gcc-49/bin/../lib/gcc/arm-none-eabi/4.9.3/../../../../arm-none-eabi/lib/armv7e-m/softfp\libg.a(lib_a-locale.o)
 .data.__malloc_av_
                0x2000079c      0x408 c:/users/administrator/documents/dave-ide-4.4.2-64bit/eclipse/arm-gcc-49/bin/../lib/gcc/arm-none-eabi/4.9.3/../../../../arm-none-eabi/lib/armv7e-m/softfp\libg.a(lib_a-mallocr.o)
                0x2000079c                __malloc_av_
 .data.__malloc_trim_threshold
                0x20000ba4        0x4 c:/users/administrator/documents/dave-ide-4.4.2-64bit/eclipse/arm-gcc-49/bin/../lib/gcc/arm-none-eabi/4.9.3/../../../../arm-none-eabi/lib/armv7e-m/softfp\libg.a(lib_a-mallocr.o)
                0x20000ba4                __malloc_trim_threshold
 .data.__malloc_sbrk_base
                0x20000ba8        0x4 c:/users/administrator/documents/dave-ide-4.4.2-64bit/eclipse/arm-gcc-49/bin/../lib/gcc/arm-none-eabi/4.9.3/../../../../arm-none-eabi/lib/armv7e-m/softfp\libg.a(lib_a-mallocr.o)
                0x20000ba8                __malloc_sbrk_base
 *(*.data)
 *(.gnu.linkonce.d*)
                0x20000bac                . = ALIGN (0x4)
                0x20000bac                PROVIDE (__preinit_array_start, .)
 *(.preinit_array)
                0x20000bac                PROVIDE (__preinit_array_end, .)
                0x20000bac                . = ALIGN (0x4)
                0x20000bac                PROVIDE (__init_array_start, .)
 *(SORT(.init_array.*))
 *(.init_array)
                0x20000bac                PROVIDE (__init_array_end, .)
                0x20000bac                . = ALIGN (0x4)
                0x20000bac                PROVIDE (__fini_array_start, .)
 *(SORT(.fini_array.*))
 *(.fini_array)
                0x20000bac                PROVIDE (__fini_array_end, .)
                0x20000bac                . = ALIGN (0x4)
                0x20000bac                __data_end = .
                0x0c009d74                __data_load = LOADADDR (.data)
                0x00000bac                __data_size = (__data_end - __data_start)

.igot.plt       0x20000bac        0x0 load address 0x0c00a920
 .igot.plt      0x00000000        0x0 ./Startup/startup_XMC4500.o

.bss            0x20000bb0       0xa8 load address 0x0c00a920
                0x20000bb0                . = ALIGN (0x4)
                0x20000bb0                __bss_start = .
 *(.bss)
 *(.bss*)
 .bss.heap_ptr.4331
                0x20000bb0        0x4 ./Libraries/Newlib/syscalls.o
 .bss.CLOCK_XMC4_0
                0x20000bb4        0x4 ./Dave/Generated/CLOCK_XMC4/clock_xmc4_conf.o
                0x20000bb4                CLOCK_XMC4_0
 .bss.Channel_A_res_config
                0x20000bb8        0x4 ./Dave/Generated/ADC_MEASUREMENT/adc_measurement_conf.o
                0x20000bb8                Channel_A_res_config
 .bss.Channel_B_res_config
                0x20000bbc        0x4 ./Dave/Generated/ADC_MEASUREMENT/adc_measurement_conf.o
                0x20000bbc                Channel_B_res_config
 .bss.LCD       0x20000bc0       0x10 ./LCD.o
                0x20000bc0                LCD
 .bss.LCD_state
                0x20000bd0        0x2 ./LCD.o
                0x20000bd0                LCD_state
 .bss.LCD_Init_Status
                0x20000bd2        0x2 ./LCD.o
                0x20000bd2                LCD_Init_Status
 .bss.LCD_Zeile
                0x20000bd4        0x2 ./LCD.o
                0x20000bd4                LCD_Zeile
 .bss.LCD_ZeilePos
                0x20000bd6        0x2 ./LCD.o
                0x20000bd6                LCD_ZeilePos
 .bss.speedindex
                0x20000bd8        0x2 ./Speed.o
                0x20000bd8                speedindex
 .bss.Hall1_status
                0x20000bda        0x1 ./Speed.o
                0x20000bda                Hall1_status
 *fill*         0x20000bdb        0x1 
 .bss.hallint_count
                0x20000bdc        0x2 ./Speed.o
                0x20000bdc                hallint_count
 .bss.lasthallint_count
                0x20000bde        0x2 ./Speed.o
                0x20000bde                lasthallint_count
 .bss.revolves_counter
                0x20000be0        0x4 ./Speed.o
                0x20000be0                revolves_counter
 .bss.__malloc_max_total_mem
                0x20000be4        0x4 c:/users/administrator/documents/dave-ide-4.4.2-64bit/eclipse/arm-gcc-49/bin/../lib/gcc/arm-none-eabi/4.9.3/../../../../arm-none-eabi/lib/armv7e-m/softfp\libg.a(lib_a-mallocr.o)
                0x20000be4                __malloc_max_total_mem
 .bss.__malloc_max_sbrked_mem
                0x20000be8        0x4 c:/users/administrator/documents/dave-ide-4.4.2-64bit/eclipse/arm-gcc-49/bin/../lib/gcc/arm-none-eabi/4.9.3/../../../../arm-none-eabi/lib/armv7e-m/softfp\libg.a(lib_a-mallocr.o)
                0x20000be8                __malloc_max_sbrked_mem
 .bss.__malloc_top_pad
                0x20000bec        0x4 c:/users/administrator/documents/dave-ide-4.4.2-64bit/eclipse/arm-gcc-49/bin/../lib/gcc/arm-none-eabi/4.9.3/../../../../arm-none-eabi/lib/armv7e-m/softfp\libg.a(lib_a-mallocr.o)
                0x20000bec                __malloc_top_pad
 .bss.__malloc_current_mallinfo
                0x20000bf0       0x28 c:/users/administrator/documents/dave-ide-4.4.2-64bit/eclipse/arm-gcc-49/bin/../lib/gcc/arm-none-eabi/4.9.3/../../../../arm-none-eabi/lib/armv7e-m/softfp\libg.a(lib_a-mallocr.o)
                0x20000bf0                __malloc_current_mallinfo
 *(COMMON)
 COMMON         0x20000c18        0x4 ./ADC.o
                0x20000c18                ADC
 *fill*         0x20000c1c        0x4 
 COMMON         0x20000c20       0x20 ./Temperatur.o
                0x20000c20                rtM_temp_
                0x20000c28                rtY_temp
                0x20000c30                rtU_temp
 COMMON         0x20000c40       0x10 ./lut.o
                0x20000c40                rtU_lut
                0x20000c48                rtY_lut
 COMMON         0x20000c50        0x4 c:/users/administrator/documents/dave-ide-4.4.2-64bit/eclipse/arm-gcc-49/bin/../lib/gcc/arm-none-eabi/4.9.3/../../../../arm-none-eabi/lib/armv7e-m/softfp\libg.a(lib_a-reent.o)
                0x20000c50                errno
 *(.gnu.linkonce.b*)
                0x20000c54                . = ALIGN (0x4)
                0x20000c54                __bss_end = .
                0x20000c58                . = ALIGN (0x8)
 *fill*         0x20000c54        0x4 
                0x20000c58                Heap_Bank1_Start = .
                0x000000a4                __bss_size = (__bss_end - __bss_start)

.no_init        0x2000ffc0       0x14
                0x2000ffc0                Heap_Bank1_End = .
 *(.no_init)
 .no_init       0x2000ffc0       0x14 ./Startup/system_XMC4500.o
                0x2000ffc0                SystemCoreClock
                0x2000ffc4                g_chipid

DSRAM2_DATA     0x30000000        0x0 load address 0x0c00a920
                0x30000000                . = ALIGN (0x4)
                0x30000000                __data2_start = .
 *(DSRAM2_DATA)
                0x30000000                . = ALIGN (0x4)
                0x30000000                __data2_end = .
                0x0c00a920                __data2_load = LOADADDR (DSRAM2_DATA)
                0x00000000                __data2_size = (__data2_end - __data2_start)
                0x0000a920                __text_size = (((((__exidx_end - sText) + __data_size) + __ram_code_size) + __data2_size) + __data3_size)
                0x0800a920                eText = (sText + __text_size)

DSRAM2_BSS      0x30000000        0x0 load address 0x0c00a920
                0x30000000                . = ALIGN (0x4)
                0x30000000                __bss2_start = .
 *(ETH_RAM)
 *(USB_RAM)
 *(DSRAM2_BSS)
                0x30000000                . = ALIGN (0x4)
                0x30000000                __bss2_end = .
                0x30000000                . = ALIGN (0x8)
                0x30000000                Heap_Bank2_Start = .
                0x00000000                __bss2_size = (__bss2_end - __bss2_start)
                0x0000f368                Heap_Bank1_Size = (Heap_Bank1_End - Heap_Bank1_Start)
                0x00008000                Heap_Bank2_Size = (0x8000 - (Heap_Bank2_Start - ORIGIN (DSRAM_2_comm)))
                0x0000f800                Heap_Bank3_Size = (0x10000 - (Heap_Bank3_Start - ORIGIN (PSRAM_1)))
                0x00000001                ASSERT ((Heap_Bank1_Start <= Heap_Bank1_End), region SRAM_combined overflowed no_init section)

/DISCARD/
 *(.comment)

.stab
 *(.stab)

.stabstr
 *(.stabstr)

.debug
 *(.debug)

.line
 *(.line)

.debug_srcinfo
 *(.debug_srcinfo)

.debug_sfnames
 *(.debug_sfnames)

.debug_aranges  0x00000000     0x1368
 *(.debug_aranges)
 .debug_aranges
                0x00000000       0x20 ./Startup/startup_XMC4500.o
 .debug_aranges
                0x00000020       0x48 ./Startup/system_XMC4500.o
 .debug_aranges
                0x00000068       0x28 ./Libraries/XMCLib/src/xmc4_eru.o
 .debug_aranges
                0x00000090       0x28 ./Libraries/XMCLib/src/xmc4_gpio.o
 .debug_aranges
                0x000000b8      0x3c8 ./Libraries/XMCLib/src/xmc4_scu.o
 .debug_aranges
                0x00000480      0x128 ./Libraries/XMCLib/src/xmc_ccu4.o
 .debug_aranges
                0x000005a8      0x180 ./Libraries/XMCLib/src/xmc_ccu8.o
 .debug_aranges
                0x00000728       0x88 ./Libraries/XMCLib/src/xmc_eru.o
 .debug_aranges
                0x000007b0       0x28 ./Libraries/XMCLib/src/xmc_gpio.o
 .debug_aranges
                0x000007d8       0x60 ./Libraries/XMCLib/src/xmc_posif.o
 .debug_aranges
                0x00000838      0x280 ./Libraries/XMCLib/src/xmc_vadc.o
 .debug_aranges
                0x00000ab8       0x28 ./Libraries/Newlib/syscalls.o
 .debug_aranges
                0x00000ae0       0xd8 ./Dave/Generated/TIMER/timer.o
 .debug_aranges
                0x00000bb8       0x18 ./Dave/Generated/TIMER/timer_conf.o
 .debug_aranges
                0x00000bd0      0x148 ./Dave/Generated/PWM_BC/pwm_bc.o
 .debug_aranges
                0x00000d18       0x18 ./Dave/Generated/PWM_BC/pwm_bc_conf.o
 .debug_aranges
                0x00000d30       0x50 ./Dave/Generated/INTERRUPT/interrupt.o
 .debug_aranges
                0x00000d80       0x18 ./Dave/Generated/INTERRUPT/interrupt_conf.o
 .debug_aranges
                0x00000d98       0x30 ./Dave/Generated/GLOBAL_POSIF/global_posif.o
 .debug_aranges
                0x00000dc8       0x18 ./Dave/Generated/GLOBAL_POSIF/global_posif_conf.o
 .debug_aranges
                0x00000de0       0x30 ./Dave/Generated/GLOBAL_CCU8/global_ccu8.o
 .debug_aranges
                0x00000e10       0x18 ./Dave/Generated/GLOBAL_CCU8/global_ccu8_conf.o
 .debug_aranges
                0x00000e28       0x30 ./Dave/Generated/GLOBAL_CCU4/global_ccu4.o
 .debug_aranges
                0x00000e58       0x18 ./Dave/Generated/GLOBAL_CCU4/global_ccu4_conf.o
 .debug_aranges
                0x00000e70       0x30 ./Dave/Generated/GLOBAL_ADC/global_adc.o
 .debug_aranges
                0x00000ea0       0x18 ./Dave/Generated/GLOBAL_ADC/global_adc_conf.o
 .debug_aranges
                0x00000eb8       0x28 ./Dave/Generated/EVENT_GENERATOR/event_generator.o
 .debug_aranges
                0x00000ee0       0x18 ./Dave/Generated/EVENT_GENERATOR/event_generator_conf.o
 .debug_aranges
                0x00000ef8       0x28 ./Dave/Generated/EVENT_DETECTOR/event_detector.o
 .debug_aranges
                0x00000f20       0x18 ./Dave/Generated/EVENT_DETECTOR/event_detector_conf.o
 .debug_aranges
                0x00000f38       0x28 ./Dave/Generated/DIGITAL_IO/digital_io.o
 .debug_aranges
                0x00000f60       0x18 ./Dave/Generated/DIGITAL_IO/digital_io_conf.o
 .debug_aranges
                0x00000f78       0x28 ./Dave/Generated/CPU_CTRL_XMC4/cpu_ctrl_xmc4_conf.o
 .debug_aranges
                0x00000fa0       0x38 ./Dave/Generated/CLOCK_XMC4/clock_xmc4.o
 .debug_aranges
                0x00000fd8       0x20 ./Dave/Generated/CLOCK_XMC4/clock_xmc4_conf.o
 .debug_aranges
                0x00000ff8       0x60 ./Dave/Generated/BUS_IO/bus_io.o
 .debug_aranges
                0x00001058       0x18 ./Dave/Generated/BUS_IO/bus_io_conf.o
 .debug_aranges
                0x00001070       0x88 ./Dave/Generated/ADC_MEASUREMENT/adc_measurement.o
 .debug_aranges
                0x000010f8       0x18 ./Dave/Generated/ADC_MEASUREMENT/adc_measurement_conf.o
 .debug_aranges
                0x00001110       0x20 ./Dave/Generated/DAVE.o
 .debug_aranges
                0x00001130       0x20 ./ADC.o
 .debug_aranges
                0x00001150       0x40 ./Buttons.o
 .debug_aranges
                0x00001190       0x30 ./Interupts.o
 .debug_aranges
                0x000011c0       0x88 ./LCD.o
 .debug_aranges
                0x00001248       0x60 ./Posif_BLDC.o
 .debug_aranges
                0x000012a8       0x40 ./Speed.o
 .debug_aranges
                0x000012e8       0x28 ./Temperatur.o
 .debug_aranges
                0x00001310       0x38 ./lut.o
 .debug_aranges
                0x00001348       0x20 ./main.o

.debug_pubnames
 *(.debug_pubnames)

.debug_pubtypes
 *(.debug_pubtypes)

.debug_info     0x00000000    0x259bf
 *(.debug_info .gnu.linkonce.wi.*)
 .debug_info    0x00000000       0x9f ./Startup/startup_XMC4500.o
 .debug_info    0x0000009f      0x8b7 ./Startup/system_XMC4500.o
 .debug_info    0x00000956      0x4ae ./Libraries/XMCLib/src/xmc4_eru.o
 .debug_info    0x00000e04      0x422 ./Libraries/XMCLib/src/xmc4_gpio.o
 .debug_info    0x00001226     0x20c4 ./Libraries/XMCLib/src/xmc4_scu.o
 .debug_info    0x000032ea     0x15c1 ./Libraries/XMCLib/src/xmc_ccu4.o
 .debug_info    0x000048ab     0x1ce0 ./Libraries/XMCLib/src/xmc_ccu8.o
 .debug_info    0x0000658b      0xaaf ./Libraries/XMCLib/src/xmc_eru.o
 .debug_info    0x0000703a      0x39d ./Libraries/XMCLib/src/xmc_gpio.o
 .debug_info    0x000073d7      0xa79 ./Libraries/XMCLib/src/xmc_posif.o
 .debug_info    0x00007e50     0x2e68 ./Libraries/XMCLib/src/xmc_vadc.o
 .debug_info    0x0000acb8      0x11f ./Libraries/Newlib/syscalls.o
 .debug_info    0x0000add7      0xd93 ./Dave/Generated/TIMER/timer.o
 .debug_info    0x0000bb6a      0x89d ./Dave/Generated/TIMER/timer_conf.o
 .debug_info    0x0000c407     0x21b5 ./Dave/Generated/PWM_BC/pwm_bc.o
 .debug_info    0x0000e5bc     0x17b0 ./Dave/Generated/PWM_BC/pwm_bc_conf.o
 .debug_info    0x0000fd6c      0x910 ./Dave/Generated/INTERRUPT/interrupt.o
 .debug_info    0x0001067c      0x44d ./Dave/Generated/INTERRUPT/interrupt_conf.o
 .debug_info    0x00010ac9      0x4a3 ./Dave/Generated/GLOBAL_POSIF/global_posif.o
 .debug_info    0x00010f6c      0x34c ./Dave/Generated/GLOBAL_POSIF/global_posif_conf.o
 .debug_info    0x000112b8      0x3cd ./Dave/Generated/GLOBAL_CCU8/global_ccu8.o
 .debug_info    0x00011685      0x2cd ./Dave/Generated/GLOBAL_CCU8/global_ccu8_conf.o
 .debug_info    0x00011952      0x3be ./Dave/Generated/GLOBAL_CCU4/global_ccu4.o
 .debug_info    0x00011d10      0x2e2 ./Dave/Generated/GLOBAL_CCU4/global_ccu4_conf.o
 .debug_info    0x00011ff2      0xfae ./Dave/Generated/GLOBAL_ADC/global_adc.o
 .debug_info    0x00012fa0      0xfb0 ./Dave/Generated/GLOBAL_ADC/global_adc_conf.o
 .debug_info    0x00013f50      0x545 ./Dave/Generated/EVENT_GENERATOR/event_generator.o
 .debug_info    0x00014495      0x4b8 ./Dave/Generated/EVENT_GENERATOR/event_generator_conf.o
 .debug_info    0x0001494d      0x59a ./Dave/Generated/EVENT_DETECTOR/event_detector.o
 .debug_info    0x00014ee7      0x5f4 ./Dave/Generated/EVENT_DETECTOR/event_detector_conf.o
 .debug_info    0x000154db      0x4dc ./Dave/Generated/DIGITAL_IO/digital_io.o
 .debug_info    0x000159b7      0x501 ./Dave/Generated/DIGITAL_IO/digital_io_conf.o
 .debug_info    0x00015eb8      0x475 ./Dave/Generated/CPU_CTRL_XMC4/cpu_ctrl_xmc4_conf.o
 .debug_info    0x0001632d      0x224 ./Dave/Generated/CLOCK_XMC4/clock_xmc4.o
 .debug_info    0x00016551      0x385 ./Dave/Generated/CLOCK_XMC4/clock_xmc4_conf.o
 .debug_info    0x000168d6      0x6f4 ./Dave/Generated/BUS_IO/bus_io.o
 .debug_info    0x00016fca      0x44b ./Dave/Generated/BUS_IO/bus_io_conf.o
 .debug_info    0x00017415     0x1e02 ./Dave/Generated/ADC_MEASUREMENT/adc_measurement.o
 .debug_info    0x00019217     0x17ad ./Dave/Generated/ADC_MEASUREMENT/adc_measurement_conf.o
 .debug_info    0x0001a9c4     0x38c4 ./Dave/Generated/DAVE.o
 .debug_info    0x0001e288      0xb3b ./ADC.o
 .debug_info    0x0001edc3     0x1851 ./Buttons.o
 .debug_info    0x00020614     0x1d09 ./Interupts.o
 .debug_info    0x0002231d     0x10b7 ./LCD.o
 .debug_info    0x000233d4     0x17bb ./Posif_BLDC.o
 .debug_info    0x00024b8f      0x632 ./Speed.o
 .debug_info    0x000251c1      0x1fe ./Temperatur.o
 .debug_info    0x000253bf      0x2bf ./lut.o
 .debug_info    0x0002567e      0x341 ./main.o

.debug_abbrev   0x00000000     0x4be3
 *(.debug_abbrev)
 .debug_abbrev  0x00000000       0x14 ./Startup/startup_XMC4500.o
 .debug_abbrev  0x00000014      0x1a1 ./Startup/system_XMC4500.o
 .debug_abbrev  0x000001b5      0x13b ./Libraries/XMCLib/src/xmc4_eru.o
 .debug_abbrev  0x000002f0      0x11b ./Libraries/XMCLib/src/xmc4_gpio.o
 .debug_abbrev  0x0000040b      0x289 ./Libraries/XMCLib/src/xmc4_scu.o
 .debug_abbrev  0x00000694      0x1fc ./Libraries/XMCLib/src/xmc_ccu4.o
 .debug_abbrev  0x00000890      0x21e ./Libraries/XMCLib/src/xmc_ccu8.o
 .debug_abbrev  0x00000aae      0x1e8 ./Libraries/XMCLib/src/xmc_eru.o
 .debug_abbrev  0x00000c96      0x10c ./Libraries/XMCLib/src/xmc_gpio.o
 .debug_abbrev  0x00000da2      0x227 ./Libraries/XMCLib/src/xmc_posif.o
 .debug_abbrev  0x00000fc9      0x266 ./Libraries/XMCLib/src/xmc_vadc.o
 .debug_abbrev  0x0000122f       0xbd ./Libraries/Newlib/syscalls.o
 .debug_abbrev  0x000012ec      0x22b ./Dave/Generated/TIMER/timer.o
 .debug_abbrev  0x00001517      0x15a ./Dave/Generated/TIMER/timer_conf.o
 .debug_abbrev  0x00001671      0x29d ./Dave/Generated/PWM_BC/pwm_bc.o
 .debug_abbrev  0x0000190e      0x1b8 ./Dave/Generated/PWM_BC/pwm_bc_conf.o
 .debug_abbrev  0x00001ac6      0x1da ./Dave/Generated/INTERRUPT/interrupt.o
 .debug_abbrev  0x00001ca0       0x97 ./Dave/Generated/INTERRUPT/interrupt_conf.o
 .debug_abbrev  0x00001d37      0x16f ./Dave/Generated/GLOBAL_POSIF/global_posif.o
 .debug_abbrev  0x00001ea6       0xfd ./Dave/Generated/GLOBAL_POSIF/global_posif_conf.o
 .debug_abbrev  0x00001fa3      0x16f ./Dave/Generated/GLOBAL_CCU8/global_ccu8.o
 .debug_abbrev  0x00002112       0xfd ./Dave/Generated/GLOBAL_CCU8/global_ccu8_conf.o
 .debug_abbrev  0x0000220f      0x16f ./Dave/Generated/GLOBAL_CCU4/global_ccu4.o
 .debug_abbrev  0x0000237e       0xfd ./Dave/Generated/GLOBAL_CCU4/global_ccu4_conf.o
 .debug_abbrev  0x0000247b      0x1e6 ./Dave/Generated/GLOBAL_ADC/global_adc.o
 .debug_abbrev  0x00002661      0x185 ./Dave/Generated/GLOBAL_ADC/global_adc_conf.o
 .debug_abbrev  0x000027e6      0x1b8 ./Dave/Generated/EVENT_GENERATOR/event_generator.o
 .debug_abbrev  0x0000299e      0x16d ./Dave/Generated/EVENT_GENERATOR/event_generator_conf.o
 .debug_abbrev  0x00002b0b      0x1a7 ./Dave/Generated/EVENT_DETECTOR/event_detector.o
 .debug_abbrev  0x00002cb2      0x15c ./Dave/Generated/EVENT_DETECTOR/event_detector_conf.o
 .debug_abbrev  0x00002e0e      0x148 ./Dave/Generated/DIGITAL_IO/digital_io.o